Archive member included to satisfy reference by file (symbol)

pico-ssd1306/libpico_ssd1306.a(ssd1306.cpp.o)
                              CMakeFiles/SPI_2_CANFD.dir/SPI_2_CANFD.cpp.o (pico_ssd1306::SSD1306::sendBuffer())
pico-ssd1306/libpico_ssd1306.a(FrameBuffer.cpp.o)
                              pico-ssd1306/libpico_ssd1306.a(ssd1306.cpp.o) (FrameBuffer::FrameBuffer())
rp2040-mcp251863/librp2040_mcp251863.a(mcp251863.cpp.o)
                              CMakeFiles/SPI_2_CANFD.dir/SPI_2_CANFD.cpp.o (create_message_obj(unsigned char*, unsigned char*, msgtype_MCP251863_t, pl_size_MCP251863_t, unsigned long, int))
pico-ssd1306/textRenderer/libssd1306_textRenderer.a(TextRenderer.cpp.o)
                              CMakeFiles/SPI_2_CANFD.dir/SPI_2_CANFD.cpp.o (pico_ssd1306::drawText(pico_ssd1306::SSD1306*, unsigned char const*, char const*, unsigned char, unsigned char, pico_ssd1306::WriteMode, pico_ssd1306::Rotation))
/home/pilot/.pico-sdk/toolchain/14_2_Rel1/bin/../lib/gcc/arm-none-eabi/14.2.1/thumb/v6-m/nofp/libgcc.a(_dvmd_tls.o)
                              CMakeFiles/SPI_2_CANFD.dir/home/pilot/.pico-sdk/sdk/2.2.0/src/rp2_common/pico_divider/divider_hardware.S.o (__aeabi_idiv0)
/home/pilot/.pico-sdk/toolchain/14_2_Rel1/bin/../lib/gcc/arm-none-eabi/14.2.1/../../../../arm-none-eabi/lib/thumb/v6-m/nofp/libg.a(libc_a-calloc.o)
                              CMakeFiles/SPI_2_CANFD.dir/home/pilot/.pico-sdk/sdk/2.2.0/src/rp2_common/pico_malloc/malloc.c.o (calloc)
/home/pilot/.pico-sdk/toolchain/14_2_Rel1/bin/../lib/gcc/arm-none-eabi/14.2.1/../../../../arm-none-eabi/lib/thumb/v6-m/nofp/libg.a(libc_a-callocr.o)
                              /home/pilot/.pico-sdk/toolchain/14_2_Rel1/bin/../lib/gcc/arm-none-eabi/14.2.1/../../../../arm-none-eabi/lib/thumb/v6-m/nofp/libg.a(libc_a-calloc.o) (_calloc_r)
/home/pilot/.pico-sdk/toolchain/14_2_Rel1/bin/../lib/gcc/arm-none-eabi/14.2.1/../../../../arm-none-eabi/lib/thumb/v6-m/nofp/libg.a(libc_a-malloc.o)
                              CMakeFiles/SPI_2_CANFD.dir/home/pilot/.pico-sdk/sdk/2.2.0/src/rp2_common/pico_malloc/malloc.c.o (malloc)
/home/pilot/.pico-sdk/toolchain/14_2_Rel1/bin/../lib/gcc/arm-none-eabi/14.2.1/../../../../arm-none-eabi/lib/thumb/v6-m/nofp/libg.a(libc_a-mallocr.o)
                              /home/pilot/.pico-sdk/toolchain/14_2_Rel1/bin/../lib/gcc/arm-none-eabi/14.2.1/../../../../arm-none-eabi/lib/thumb/v6-m/nofp/libg.a(libc_a-callocr.o) (_malloc_r)
/home/pilot/.pico-sdk/toolchain/14_2_Rel1/bin/../lib/gcc/arm-none-eabi/14.2.1/../../../../arm-none-eabi/lib/thumb/v6-m/nofp/libg.a(libc_a-mlock.o)
                              /home/pilot/.pico-sdk/toolchain/14_2_Rel1/bin/../lib/gcc/arm-none-eabi/14.2.1/../../../../arm-none-eabi/lib/thumb/v6-m/nofp/libg.a(libc_a-mallocr.o) (__malloc_lock)
/home/pilot/.pico-sdk/toolchain/14_2_Rel1/bin/../lib/gcc/arm-none-eabi/14.2.1/../../../../arm-none-eabi/lib/thumb/v6-m/nofp/libg.a(libc_a-realloc.o)
                              CMakeFiles/SPI_2_CANFD.dir/home/pilot/.pico-sdk/sdk/2.2.0/src/rp2_common/pico_malloc/malloc.c.o (realloc)
/home/pilot/.pico-sdk/toolchain/14_2_Rel1/bin/../lib/gcc/arm-none-eabi/14.2.1/../../../../arm-none-eabi/lib/thumb/v6-m/nofp/libg.a(libc_a-reallocr.o)
                              /home/pilot/.pico-sdk/toolchain/14_2_Rel1/bin/../lib/gcc/arm-none-eabi/14.2.1/../../../../arm-none-eabi/lib/thumb/v6-m/nofp/libg.a(libc_a-realloc.o) (_realloc_r)
/home/pilot/.pico-sdk/toolchain/14_2_Rel1/bin/../lib/gcc/arm-none-eabi/14.2.1/../../../../arm-none-eabi/lib/thumb/v6-m/nofp/libg.a(libc_a-memcmp.o)
                              CMakeFiles/SPI_2_CANFD.dir/home/pilot/.pico-sdk/sdk/2.2.0/src/rp2_common/pico_atomic/atomic.c.o (memcmp)
/home/pilot/.pico-sdk/toolchain/14_2_Rel1/bin/../lib/gcc/arm-none-eabi/14.2.1/../../../../arm-none-eabi/lib/thumb/v6-m/nofp/libg.a(libc_a-memmove.o)
                              /home/pilot/.pico-sdk/toolchain/14_2_Rel1/bin/../lib/gcc/arm-none-eabi/14.2.1/../../../../arm-none-eabi/lib/thumb/v6-m/nofp/libg.a(libc_a-reallocr.o) (memmove)
/home/pilot/.pico-sdk/toolchain/14_2_Rel1/bin/../lib/gcc/arm-none-eabi/14.2.1/../../../../arm-none-eabi/lib/thumb/v6-m/nofp/libg.a(libc_a-lcltime_r.o)
                              CMakeFiles/SPI_2_CANFD.dir/home/pilot/.pico-sdk/sdk/2.2.0/src/common/pico_util/datetime.c.o (localtime_r)
/home/pilot/.pico-sdk/toolchain/14_2_Rel1/bin/../lib/gcc/arm-none-eabi/14.2.1/../../../../arm-none-eabi/lib/thumb/v6-m/nofp/libg.a(libc_a-mktime.o)
                              CMakeFiles/SPI_2_CANFD.dir/home/pilot/.pico-sdk/sdk/2.2.0/src/common/pico_util/datetime.c.o (mktime)
/home/pilot/.pico-sdk/toolchain/14_2_Rel1/bin/../lib/gcc/arm-none-eabi/14.2.1/../../../../arm-none-eabi/lib/thumb/v6-m/nofp/libg.a(libc_a-month_lengths.o)
                              /home/pilot/.pico-sdk/toolchain/14_2_Rel1/bin/../lib/gcc/arm-none-eabi/14.2.1/../../../../arm-none-eabi/lib/thumb/v6-m/nofp/libg.a(libc_a-lcltime_r.o) (__month_lengths)
[...]
Memory Configuration

Name             Origin             Length             Attributes
FLASH            0x10000000         0x00200000         xr
RAM              0x20000000         0x00040000         xrw
SCRATCH_X        0x20040000         0x00001000         xrw
SCRATCH_Y        0x20041000         0x00001000         xrw
*default*        0x00000000         0xffffffff

Linker script and memory map

LOAD /home/pilot/.pico-sdk/toolchain/14_2_Rel1/bin/../lib/gcc/arm-none-eabi/14.2.1/thumb/v6-m/nofp/crti.o
LOAD /home/pilot/.pico-sdk/toolchain/14_2_Rel1/bin/../lib/gcc/arm-none-eabi/14.2.1/thumb/v6-m/nofp/crtbegin.o
LOAD /home/pilot/.pico-sdk/toolchain/14_2_Rel1/bin/../lib/gcc/arm-none-eabi/14.2.1/../../../../arm-none-eabi/lib/thumb/v6-m/nofp/crt0.o

.flash_begin    0x10000000        0x0
                0x10000000                        __flash_binary_start = .

.boot2          0x10000000      0x100
                0x10000000                        __boot2_start__ = .
 *(.boot2)
 .boot2         0x10000000      0x100 pico-sdk/src/rp2040/boot_stage2/CMakeFiles/bs2_default_library.dir/bs2_default_padded_checksummed.S.o
                0x10000100                        __boot2_end__ = .
                0x00000001                        ASSERT (((__boot2_end__ - __boot2_start__) == 0x100), ERROR: Pico second stage bootloader must be 256 bytes in size)

.text           0x10000100     0x8dbc
                0x10000100                        __logical_binary_start = .
 *(.vectors)
 .vectors       0x10000100       0xd4 CMakeFiles/SPI_2_CANFD.dir/home/pilot/.pico-sdk/sdk/2.2.0/src/rp2_common/pico_crt0/crt0.S.o
                0x10000100                __vectors
                0x10000100                __VECTOR_TABLE
                0x100001c0                isr_irq30
                0x100001c0                __unhandled_user_irq
                0x100001c0                isr_irq13
                0x100001c0                isr_irq27
                0x100001c0                isr_irq31
                0x100001c0                isr_irq5
                0x100001c0                isr_irq11
                0x100001c0                isr_irq23
                0x100001c0                isr_irq18
                0x100001c0                isr_irq28
                0x100001c0                isr_irq19
                0x100001c0                isr_irq0
                0x100001c0                isr_irq6
                0x100001c0                isr_irq22
                0x100001c0                isr_irq17
                0x100001c0                isr_irq14
                0x100001c0                __vectors_end
                0x100001c0                __default_isrs_start
                0x100001c0                isr_irq2
                0x100001c0                isr_irq10
                0x100001c0                isr_irq8
                0x100001c0                isr_irq24
                0x100001c0                isr_irq1
                0x100001c0                isr_irq7
                0x100001c0                isr_irq21
                0x100001c0                isr_irq20
                0x100001c0                isr_irq15
                0x100001c0                isr_irq25
                0x100001c0                isr_irq4
                0x100001c0                isr_irq16
                0x100001c0                isr_irq29
                0x100001c0                isr_irq26
                0x100001c0                isr_irq3
                0x100001c0                isr_irq12
                0x100001c0                isr_irq9
                0x100001c6                unhandled_user_irq_num_in_r0
                0x100001c8                isr_invalid
                0x100001ca                isr_nmi
                0x100001cc                isr_hardfault
                0x100001ce                isr_svcall
                0x100001d0                isr_pendsv
                0x100001d2                isr_systick
                0x100001d4                __default_isrs_end
 *(.binary_info_header)
 .binary_info_header
                0x100001d4       0x14 CMakeFiles/SPI_2_CANFD.dir/home/pilot/.pico-sdk/sdk/2.2.0/src/rp2_common/pico_crt0/crt0.S.o
                0x100001e8                        __binary_info_header_end = .
 *(.embedded_block)
                0x100001e8                        __embedded_block_end = .
 *(.reset)
 .reset         0x100001e8       0x9c CMakeFiles/SPI_2_CANFD.dir/home/pilot/.pico-sdk/sdk/2.2.0/src/rp2_common/pico_crt0/crt0.S.o
                0x100001e8                _entry_point
 *(.init)
 .init          0x10000284        0x4 /home/pilot/.pico-sdk/toolchain/14_2_Rel1/bin/../lib/gcc/arm-none-eabi/14.2.1/thumb/v6-m/nofp/crti.o
                0x10000284                _init
 *(EXCLUDE_FILE(*libm.a: *libc.a:*lib_a-mem*.o *libgcc.a:) .text*)
 .text.register_tm_clones
                0x10000288       0x28 /home/pilot/.pico-sdk/toolchain/14_2_Rel1/bin/../lib/gcc/arm-none-eabi/14.2.1/thumb/v6-m/nofp/crtbegin.o
 .text.frame_dummy
                0x100002b0       0x24 /home/pilot/.pico-sdk/toolchain/14_2_Rel1/bin/../lib/gcc/arm-none-eabi/14.2.1/thumb/v6-m/nofp/crtbegin.o
 .text._Z17increment_messagejm
                0x100002d4       0x3c CMakeFiles/SPI_2_CANFD.dir/SPI_2_CANFD.cpp.o
                0x100002d4                increment_message(unsigned int, unsigned long)
 .text.startup.main
                0x10000310      0x238 CMakeFiles/SPI_2_CANFD.dir/SPI_2_CANFD.cpp.o
                0x10000310                main
 .text.i2c_write_blocking_internal.constprop.0
                0x10000548       0xf8 CMakeFiles/SPI_2_CANFD.dir/home/pilot/.pico-sdk/sdk/2.2.0/src/rp2_common/hardware_i2c/i2c.c.o
 .text.i2c_set_baudrate
                0x10000640       0xc0 CMakeFiles/SPI_2_CANFD.dir/home/pilot/.pico-sdk/sdk/2.2.0/src/rp2_common/hardware_i2c/i2c.c.o
                0x10000640                i2c_set_baudrate
 .text.i2c_init
                0x10000700       0x50 CMakeFiles/SPI_2_CANFD.dir/home/pilot/.pico-sdk/sdk/2.2.0/src/rp2_common/hardware_i2c/i2c.c.o
                0x10000700                i2c_init
 .text.i2c_write_blocking
                0x10000750       0x14 CMakeFiles/SPI_2_CANFD.dir/home/pilot/.pico-sdk/sdk/2.2.0/src/rp2_common/hardware_i2c/i2c.c.o
                0x10000750                i2c_write_blocking
 .text.rp2040_chip_version
                0x10000764        0xc CMakeFiles/SPI_2_CANFD.dir/home/pilot/.pico-sdk/sdk/2.2.0/src/rp2040/pico_platform/platform.c.o
                0x10000764                rp2040_chip_version
 .text.panic    0x10000770       0x30 CMakeFiles/SPI_2_CANFD.dir/home/pilot/.pico-sdk/sdk/2.2.0/src/rp2_common/pico_platform_panic/panic.c.o
                0x10000770                panic
 .text.hw_claim_or_assert
                0x100007a0       0x44 CMakeFiles/SPI_2_CANFD.dir/home/pilot/.pico-sdk/sdk/2.2.0/src/common/hardware_claim/claim.c.o
                0x100007a0                hw_claim_or_assert
 .text.hw_claim_unused_from_range
                0x100007e4       0x88 CMakeFiles/SPI_2_CANFD.dir/home/pilot/.pico-sdk/sdk/2.2.0/src/common/hardware_claim/claim.c.o
                0x100007e4                hw_claim_unused_from_range
 .text.next_striped_spin_lock_num
                0x1000086c       0x18 CMakeFiles/SPI_2_CANFD.dir/home/pilot/.pico-sdk/sdk/2.2.0/src/rp2_common/hardware_sync/sync.c.o
                0x1000086c                next_striped_spin_lock_num
 .text.spin_lock_claim_unused
                0x10000884       0x24 CMakeFiles/SPI_2_CANFD.dir/home/pilot/.pico-sdk/sdk/2.2.0/src/rp2_common/hardware_sync/sync.c.o
                0x10000884                spin_lock_claim_unused
 .text.spin_locks_reset
                0x100008a8       0x1c CMakeFiles/SPI_2_CANFD.dir/home/pilot/.pico-sdk/sdk/2.2.0/src/rp2_common/hardware_sync_spin_lock/sync_spin_lock.c.o
                0x100008a8                spin_locks_reset
 .text.sleep_until_callback
                0x100008c4       0x30 CMakeFiles/SPI_2_CANFD.dir/home/pilot/.pico-sdk/sdk/2.2.0/src/common/pico_time/time.c.o
 .text.alarm_pool_irq_handler
                0x100008f4      0x300 CMakeFiles/SPI_2_CANFD.dir/home/pilot/.pico-sdk/sdk/2.2.0/src/common/pico_time/time.c.o
 .text.runtime_init_default_alarm_pool
                0x10000bf4       0xdc CMakeFiles/SPI_2_CANFD.dir/home/pilot/.pico-sdk/sdk/2.2.0/src/common/pico_time/time.c.o
                0x10000bf4                runtime_init_default_alarm_pool
 .text.alarm_pool_get_default
                0x10000cd0        0x8 CMakeFiles/SPI_2_CANFD.dir/home/pilot/.pico-sdk/sdk/2.2.0/src/common/pico_time/time.c.o
                0x10000cd0                alarm_pool_get_default
 .text.alarm_pool_add_alarm_at
                0x10000cd8       0xd0 CMakeFiles/SPI_2_CANFD.dir/home/pilot/.pico-sdk/sdk/2.2.0/src/common/pico_time/time.c.o
                0x10000cd8                alarm_pool_add_alarm_at
 .text.alarm_pool_add_alarm_at_force_in_context
                0x10000da8       0xb0 CMakeFiles/SPI_2_CANFD.dir/home/pilot/.pico-sdk/sdk/2.2.0/src/common/pico_time/time.c.o
                0x10000da8                alarm_pool_add_alarm_at_force_in_context
 .text.alarm_pool_cancel_alarm
                0x10000e58       0x74 CMakeFiles/SPI_2_CANFD.dir/home/pilot/.pico-sdk/sdk/2.2.0/src/common/pico_time/time.c.o
                0x10000e58                alarm_pool_cancel_alarm
 .text.alarm_pool_core_num
                0x10000ecc        0x4 CMakeFiles/SPI_2_CANFD.dir/home/pilot/.pico-sdk/sdk/2.2.0/src/common/pico_time/time.c.o
                0x10000ecc                alarm_pool_core_num
 .text.sleep_ms
                0x10000ed0       0xfc CMakeFiles/SPI_2_CANFD.dir/home/pilot/.pico-sdk/sdk/2.2.0/src/common/pico_time/time.c.o
                0x10000ed0                sleep_ms
 .text.best_effort_wfe_or_timeout
                0x10000fcc      0x10c CMakeFiles/SPI_2_CANFD.dir/home/pilot/.pico-sdk/sdk/2.2.0/src/common/pico_time/time.c.o
                0x10000fcc                best_effort_wfe_or_timeout
 .text.timer_hardware_alarm_claim
                0x100010d8       0x14 CMakeFiles/SPI_2_CANFD.dir/home/pilot/.pico-sdk/sdk/2.2.0/src/rp2_common/hardware_timer/timer.c.o
                0x100010d8                timer_hardware_alarm_claim
 .text.timer_time_us_64
                0x100010ec       0x10 CMakeFiles/SPI_2_CANFD.dir/home/pilot/.pico-sdk/sdk/2.2.0/src/rp2_common/hardware_timer/timer.c.o
                0x100010ec                timer_time_us_64
 .text.time_us_64
                0x100010fc       0x14 CMakeFiles/SPI_2_CANFD.dir/home/pilot/.pico-sdk/sdk/2.2.0/src/rp2_common/hardware_timer/timer.c.o
                0x100010fc                time_us_64
 .text.busy_wait_until
                0x10001110       0x20 CMakeFiles/SPI_2_CANFD.dir/home/pilot/.pico-sdk/sdk/2.2.0/src/rp2_common/hardware_timer/timer.c.o
                0x10001110                busy_wait_until
 .text.runtime_init_per_core_irq_priorities
                0x10001130       0x24 CMakeFiles/SPI_2_CANFD.dir/home/pilot/.pico-sdk/sdk/2.2.0/src/rp2_common/hardware_irq/irq.c.o
                0x10001130                runtime_init_per_core_irq_priorities
 .text.irq_set_enabled
                0x10001154       0x24 CMakeFiles/SPI_2_CANFD.dir/home/pilot/.pico-sdk/sdk/2.2.0/src/rp2_common/hardware_irq/irq.c.o
                0x10001154                irq_set_enabled
 .text.irq_is_enabled
                0x10001178       0x18 CMakeFiles/SPI_2_CANFD.dir/home/pilot/.pico-sdk/sdk/2.2.0/src/rp2_common/hardware_irq/irq.c.o
                0x10001178                irq_is_enabled
 .text.irq_set_pending
                0x10001190       0x10 CMakeFiles/SPI_2_CANFD.dir/home/pilot/.pico-sdk/sdk/2.2.0/src/rp2_common/hardware_irq/irq.c.o
                0x10001190                irq_set_pending
 .text.irq_has_shared_handler
                0x100011a0       0x24 CMakeFiles/SPI_2_CANFD.dir/home/pilot/.pico-sdk/sdk/2.2.0/src/rp2_common/hardware_irq/irq.c.o
                0x100011a0                irq_has_shared_handler
 .text.irq_set_exclusive_handler
                0x100011c4       0x54 CMakeFiles/SPI_2_CANFD.dir/home/pilot/.pico-sdk/sdk/2.2.0/src/rp2_common/hardware_irq/irq.c.o
                0x100011c4                irq_set_exclusive_handler
 .text.irq_add_shared_handler
                0x10001218      0x1f4 CMakeFiles/SPI_2_CANFD.dir/home/pilot/.pico-sdk/sdk/2.2.0/src/rp2_common/hardware_irq/irq.c.o
                0x10001218                irq_add_shared_handler
 .text.irq_remove_handler
                0x1000140c      0x1d4 CMakeFiles/SPI_2_CANFD.dir/home/pilot/.pico-sdk/sdk/2.2.0/src/rp2_common/hardware_irq/irq.c.o
                0x1000140c                irq_remove_handler
 .text.irq_add_tail_to_free_list
                0x100015e0       0xb4 CMakeFiles/SPI_2_CANFD.dir/home/pilot/.pico-sdk/sdk/2.2.0/src/rp2_common/hardware_irq/irq.c.o
                0x100015e0                irq_add_tail_to_free_list
 .text.user_irq_claim_unused
                0x10001694       0x2c CMakeFiles/SPI_2_CANFD.dir/home/pilot/.pico-sdk/sdk/2.2.0/src/rp2_common/hardware_irq/irq.c.o
                0x10001694                user_irq_claim_unused
 .text.lock_init
                0x100016c0       0x10 CMakeFiles/SPI_2_CANFD.dir/home/pilot/.pico-sdk/sdk/2.2.0/src/common/pico_sync/lock_core.c.o
                0x100016c0                lock_init
 .text.runtime_init_mutex
                0x100016d0       0x50 CMakeFiles/SPI_2_CANFD.dir/home/pilot/.pico-sdk/sdk/2.2.0/src/common/pico_sync/mutex.c.o
                0x100016d0                runtime_init_mutex
 .text.mutex_init
                0x10001720       0x1c CMakeFiles/SPI_2_CANFD.dir/home/pilot/.pico-sdk/sdk/2.2.0/src/common/pico_sync/mutex.c.o
                0x10001720                mutex_init
 .text.critical_section_init
                0x1000173c       0x1c CMakeFiles/SPI_2_CANFD.dir/home/pilot/.pico-sdk/sdk/2.2.0/src/common/pico_sync/critical_section.c.o
                0x1000173c                critical_section_init
 .text.critical_section_init_with_lock_num
                0x10001758       0x14 CMakeFiles/SPI_2_CANFD.dir/home/pilot/.pico-sdk/sdk/2.2.0/src/common/pico_sync/critical_section.c.o
                0x10001758                critical_section_init_with_lock_num
 .text.clock_configure_int_divider
                0x1000176c       0xf4 CMakeFiles/SPI_2_CANFD.dir/home/pilot/.pico-sdk/sdk/2.2.0/src/rp2_common/hardware_clocks/clocks.c.o
                0x1000176c                clock_configure_int_divider
 .text.clock_configure_undivided
                0x10001860       0xe8 CMakeFiles/SPI_2_CANFD.dir/home/pilot/.pico-sdk/sdk/2.2.0/src/rp2_common/hardware_clocks/clocks.c.o
                0x10001860                clock_configure_undivided
 .text.clock_get_hz
                0x10001948        0xc CMakeFiles/SPI_2_CANFD.dir/home/pilot/.pico-sdk/sdk/2.2.0/src/rp2_common/hardware_clocks/clocks.c.o
                0x10001948                clock_get_hz
 .text.gpio_default_irq_handler
                0x10001954      0x2c8 CMakeFiles/SPI_2_CANFD.dir/home/pilot/.pico-sdk/sdk/2.2.0/src/rp2_common/hardware_gpio/gpio.c.o
 .text.gpio_set_function
                0x10001c1c       0x34 CMakeFiles/SPI_2_CANFD.dir/home/pilot/.pico-sdk/sdk/2.2.0/src/rp2_common/hardware_gpio/gpio.c.o
                0x10001c1c                gpio_set_function
 .text.gpio_set_pulls
                0x10001c50       0x28 CMakeFiles/SPI_2_CANFD.dir/home/pilot/.pico-sdk/sdk/2.2.0/src/rp2_common/hardware_gpio/gpio.c.o
                0x10001c50                gpio_set_pulls
 .text.gpio_set_irq_enabled_with_callback
                0x10001c78       0xd0 CMakeFiles/SPI_2_CANFD.dir/home/pilot/.pico-sdk/sdk/2.2.0/src/rp2_common/hardware_gpio/gpio.c.o
                0x10001c78                gpio_set_irq_enabled_with_callback
 .text.gpio_init
                0x10001d48       0x40 CMakeFiles/SPI_2_CANFD.dir/home/pilot/.pico-sdk/sdk/2.2.0/src/rp2_common/hardware_gpio/gpio.c.o
                0x10001d48                gpio_init
 .text.pll_init
                0x10001d88       0xa4 CMakeFiles/SPI_2_CANFD.dir/home/pilot/.pico-sdk/sdk/2.2.0/src/rp2_common/hardware_pll/pll.c.o
                0x10001d88                pll_init
 .text.watchdog_reboot
                0x10001e2c       0x9c CMakeFiles/SPI_2_CANFD.dir/home/pilot/.pico-sdk/sdk/2.2.0/src/rp2_common/hardware_watchdog/watchdog.c.o
                0x10001e2c                watchdog_reboot
 .text.tick_start
                0x10001ec8       0x10 CMakeFiles/SPI_2_CANFD.dir/home/pilot/.pico-sdk/sdk/2.2.0/src/rp2_common/hardware_ticks/ticks.c.o
                0x10001ec8                tick_start
 .text.rom_func_lookup
                0x10001ed8       0x10 CMakeFiles/SPI_2_CANFD.dir/home/pilot/.pico-sdk/sdk/2.2.0/src/rp2_common/pico_bootrom/bootrom.c.o
                0x10001ed8                rom_func_lookup
 .text.rom_data_lookup
                0x10001ee8       0x10 CMakeFiles/SPI_2_CANFD.dir/home/pilot/.pico-sdk/sdk/2.2.0/src/rp2_common/pico_bootrom/bootrom.c.o
                0x10001ee8                rom_data_lookup
 .text.rom_funcs_lookup
                0x10001ef8       0x44 CMakeFiles/SPI_2_CANFD.dir/home/pilot/.pico-sdk/sdk/2.2.0/src/rp2_common/pico_bootrom/bootrom.c.o
                0x10001ef8                rom_funcs_lookup
 .text.rom_reset_usb_boot_extra
                0x10001f3c       0x24 CMakeFiles/SPI_2_CANFD.dir/home/pilot/.pico-sdk/sdk/2.2.0/src/rp2_common/pico_bootrom/bootrom.c.o
                0x10001f3c                rom_reset_usb_boot_extra
 .text.xosc_init
                0x10001f60       0x28 CMakeFiles/SPI_2_CANFD.dir/home/pilot/.pico-sdk/sdk/2.2.0/src/rp2_common/hardware_xosc/xosc.c.o
                0x10001f60                xosc_init
 .text.spi_init
                0x10001f88      0x13c CMakeFiles/SPI_2_CANFD.dir/home/pilot/.pico-sdk/sdk/2.2.0/src/rp2_common/hardware_spi/spi.c.o
                0x10001f88                spi_init
 .text.first_per_core_initializer
                0x100020c4        0x4 CMakeFiles/SPI_2_CANFD.dir/home/pilot/.pico-sdk/sdk/2.2.0/src/rp2_common/pico_runtime/runtime.c.o
 .text.hard_assertion_failure
                0x100020c8        0xc CMakeFiles/SPI_2_CANFD.dir/home/pilot/.pico-sdk/sdk/2.2.0/src/rp2_common/pico_runtime/runtime.c.o
                0x100020c8                hard_assertion_failure
 .text.runtime_run_initializers
                0x100020d4       0x28 CMakeFiles/SPI_2_CANFD.dir/home/pilot/.pico-sdk/sdk/2.2.0/src/rp2_common/pico_runtime/runtime.c.o
                0x100020d4                runtime_run_initializers
 .text.runtime_init_early_resets
                0x100020fc       0x2c CMakeFiles/SPI_2_CANFD.dir/home/pilot/.pico-sdk/sdk/2.2.0/src/rp2_common/pico_runtime_init/runtime_init.c.o
                0x100020fc                runtime_init_early_resets
 .text.runtime_init_usb_power_down
                0x10002128       0x1c CMakeFiles/SPI_2_CANFD.dir/home/pilot/.pico-sdk/sdk/2.2.0/src/rp2_common/pico_runtime_init/runtime_init.c.o
                0x10002128                runtime_init_usb_power_down
 .text.runtime_init_post_clock_resets
                0x10002144       0x20 CMakeFiles/SPI_2_CANFD.dir/home/pilot/.pico-sdk/sdk/2.2.0/src/rp2_common/pico_runtime_init/runtime_init.c.o
                0x10002144                runtime_init_post_clock_resets
 .text.runtime_init_rp2040_gpio_ie_disable
                0x10002164       0x14 CMakeFiles/SPI_2_CANFD.dir/home/pilot/.pico-sdk/sdk/2.2.0/src/rp2_common/pico_runtime_init/runtime_init.c.o
                0x10002164                runtime_init_rp2040_gpio_ie_disable
 .text.runtime_init_spin_locks_reset
                0x10002178        0x8 CMakeFiles/SPI_2_CANFD.dir/home/pilot/.pico-sdk/sdk/2.2.0/src/rp2_common/pico_runtime_init/runtime_init.c.o
                0x10002178                runtime_init_spin_locks_reset
 .text.runtime_init_install_ram_vector_table
                0x10002180       0xb4 CMakeFiles/SPI_2_CANFD.dir/home/pilot/.pico-sdk/sdk/2.2.0/src/rp2_common/pico_runtime_init/runtime_init.c.o
                0x10002180                runtime_init_install_ram_vector_table
 .text.runtime_init_clocks
                0x10002234       0xd8 CMakeFiles/SPI_2_CANFD.dir/home/pilot/.pico-sdk/sdk/2.2.0/src/rp2_common/pico_runtime_init/runtime_init_clocks.c.o
                0x10002234                runtime_init_clocks
 .text          0x1000230c       0x10 CMakeFiles/SPI_2_CANFD.dir/home/pilot/.pico-sdk/sdk/2.2.0/src/rp2_common/pico_bit_ops/bit_ops_aeabi.S.o
 .text.__wrap___aeabi_idiv
                0x1000231c       0x50 CMakeFiles/SPI_2_CANFD.dir/home/pilot/.pico-sdk/sdk/2.2.0/src/rp2_common/pico_divider/divider_hardware.S.o
                0x1000231c                __wrap___aeabi_idivmod
                0x1000231c                divmod_s32s32
                0x1000231c                div_s32s32
                0x1000231c                __wrap___aeabi_idiv
                0x10002324                divmod_s32s32_unsafe
                0x10002350                divmod_s32s32_savestate
 .text.__wrap___aeabi_uidiv
                0x1000236c       0x4c CMakeFiles/SPI_2_CANFD.dir/home/pilot/.pico-sdk/sdk/2.2.0/src/rp2_common/pico_divider/divider_hardware.S.o
                0x1000236c                __wrap___aeabi_uidiv
                0x1000236c                __wrap___aeabi_uidivmod
                0x1000236c                div_u32u32
                0x1000236c                divmod_u32u32
                0x10002374                divmod_u32u32_unsafe
                0x1000239c                divmod_u32u32_savestate
 .text.__wrap___aeabi_ldiv
                0x100023b8      0x424 CMakeFiles/SPI_2_CANFD.dir/home/pilot/.pico-sdk/sdk/2.2.0/src/rp2_common/pico_divider/divider_hardware.S.o
                0x100023b8                div_s64s64
                0x100023b8                divmod_s64s64
                0x100023b8                __wrap___aeabi_ldivmod
                0x100023e8                div_u64u64
                0x100023e8                divmod_u64u64
                0x100023e8                __wrap___aeabi_uldivmod
                0x100023f8                divmod_u64u64_savestate
                0x10002418                divmod_s64s64_unsafe
                0x100024a0                divmod_u64u64_unsafe
 .text.__wrap___aeabi_darithmetic
                0x100027dc       0x80 CMakeFiles/SPI_2_CANFD.dir/home/pilot/.pico-sdk/sdk/2.2.0/src/rp2_common/pico_double/double_aeabi_rp2040.S.o
                0x100027dc                __wrap___aeabi_drsub
                0x100027e2                __wrap___aeabi_dsub
                0x100027f4                __wrap___aeabi_dadd
                0x10002806                __wrap___aeabi_ddiv
                0x10002842                __wrap___aeabi_dmul
 .text.__wrap___aeabi_cdcmple
                0x1000285c       0x6c CMakeFiles/SPI_2_CANFD.dir/home/pilot/.pico-sdk/sdk/2.2.0/src/rp2_common/pico_double/double_aeabi_rp2040.S.o
                0x1000285c                __wrap___aeabi_cdrcmple
                0x1000286c                __wrap___aeabi_cdcmple
                0x1000286c                __wrap___aeabi_cdcmpeq
 .text.__wrap___aeabi_dcmplt
                0x100028c8        0xc CMakeFiles/SPI_2_CANFD.dir/home/pilot/.pico-sdk/sdk/2.2.0/src/rp2_common/pico_double/double_aeabi_rp2040.S.o
                0x100028c8                __wrap___aeabi_dcmplt
 .text.__wrap___aeabi_dcmple
                0x100028d4       0x10 CMakeFiles/SPI_2_CANFD.dir/home/pilot/.pico-sdk/sdk/2.2.0/src/rp2_common/pico_double/double_aeabi_rp2040.S.o
                0x100028d4                __wrap___aeabi_dcmple
 .text.__wrap___aeabi_dcmpge
                0x100028e4       0x10 CMakeFiles/SPI_2_CANFD.dir/home/pilot/.pico-sdk/sdk/2.2.0/src/rp2_common/pico_double/double_aeabi_rp2040.S.o
                0x100028e4                __wrap___aeabi_dcmpge
 .text.__wrap___aeabi_dcmpgt
                0x100028f4        0xa CMakeFiles/SPI_2_CANFD.dir/home/pilot/.pico-sdk/sdk/2.2.0/src/rp2_common/pico_double/double_aeabi_rp2040.S.o
                0x100028f4                __wrap___aeabi_dcmpgt
 .text.__wrap___aeabi_dcmpun
                0x100028fe       0x18 CMakeFiles/SPI_2_CANFD.dir/home/pilot/.pico-sdk/sdk/2.2.0/src/rp2_common/pico_double/double_aeabi_rp2040.S.o
                0x100028fe                __wrap___aeabi_dcmpun
 *fill*         0x10002916        0x2 
 .text.__wrap___aeabi_i2d
                0x10002918       0x38 CMakeFiles/SPI_2_CANFD.dir/home/pilot/.pico-sdk/sdk/2.2.0/src/rp2_common/pico_double/double_aeabi_rp2040.S.o
                0x10002918                __wrap___aeabi_ui2d
                0x10002918                uint2double
                0x10002920                __wrap___aeabi_i2d
                0x10002920                int2double
 .text.__wrap___aeabi_d2iz
                0x10002950       0x48 CMakeFiles/SPI_2_CANFD.dir/home/pilot/.pico-sdk/sdk/2.2.0/src/rp2_common/pico_double/double_aeabi_rp2040.S.o
                0x10002950                __wrap___aeabi_d2iz
                0x10002950                double2int_z
 .text.__wrap___aeabi_d2uiz
                0x10002998       0x18 CMakeFiles/SPI_2_CANFD.dir/home/pilot/.pico-sdk/sdk/2.2.0/src/rp2_common/pico_double/double_aeabi_rp2040.S.o
                0x10002998                double2uint_z
                0x10002998                double2uint
                0x10002998                __wrap___aeabi_d2uiz
 .text.__aeabi_double_init
                0x100029b0       0xa4 CMakeFiles/SPI_2_CANFD.dir/home/pilot/.pico-sdk/sdk/2.2.0/src/rp2_common/pico_double/double_init_rom_rp2040.c.o
                0x100029b0                __aeabi_double_init
 .text.double_table_shim_on_use_helper
                0x10002a54       0x2c CMakeFiles/SPI_2_CANFD.dir/home/pilot/.pico-sdk/sdk/2.2.0/src/rp2_common/pico_double/double_v1_rom_shim_rp2040.S.o
                0x10002a54                double_table_shim_on_use_helper
 .text.__wrap___aeabi_dsub
                0x10002a80       0x10 CMakeFiles/SPI_2_CANFD.dir/home/pilot/.pico-sdk/sdk/2.2.0/src/rp2_common/pico_double/double_v1_rom_shim_rp2040.S.o
                0x10002a80                drsub_shim
                0x10002a86                dsub_shim
 .text.dadd_shim
                0x10002a90      0x15c CMakeFiles/SPI_2_CANFD.dir/home/pilot/.pico-sdk/sdk/2.2.0/src/rp2_common/pico_double/double_v1_rom_shim_rp2040.S.o
                0x10002a90                dadd_shim
 .text.dmul_shim
                0x10002bec      0x15c CMakeFiles/SPI_2_CANFD.dir/home/pilot/.pico-sdk/sdk/2.2.0/src/rp2_common/pico_double/double_v1_rom_shim_rp2040.S.o
                0x10002bec                dmul_shim
 .text.ddiv_shim
                0x10002d48      0x1b0 CMakeFiles/SPI_2_CANFD.dir/home/pilot/.pico-sdk/sdk/2.2.0/src/rp2_common/pico_double/double_v1_rom_shim_rp2040.S.o
                0x10002d48                ddiv_shim
 .text.double2uint_shim
                0x10002ef8        0xe CMakeFiles/SPI_2_CANFD.dir/home/pilot/.pico-sdk/sdk/2.2.0/src/rp2_common/pico_double/double_v1_rom_shim_rp2040.S.o
                0x10002ef8                double2uint_shim
                0x10002efa                double2ufix_shim
 *fill*         0x10002f06        0x2 
 .text.double2uint64_shim
                0x10002f08       0x70 CMakeFiles/SPI_2_CANFD.dir/home/pilot/.pico-sdk/sdk/2.2.0/src/rp2_common/pico_double/double_v1_rom_shim_rp2040.S.o
                0x10002f08                double2uint64_shim
                0x10002f0a                double2ufix64_shim
                0x10002f2a                d2fix_a
 .text.dunpacks
                0x10002f78       0x3c CMakeFiles/SPI_2_CANFD.dir/home/pilot/.pico-sdk/sdk/2.2.0/src/rp2_common/pico_double/double_v1_rom_shim_rp2040.S.o
                0x10002f78                dunpacks
 .text.__aeabi_lmul
                0x10002fb4       0x32 CMakeFiles/SPI_2_CANFD.dir/home/pilot/.pico-sdk/sdk/2.2.0/src/rp2_common/pico_int64_ops/pico_int64_ops_aeabi.S.o
                0x10002fb4                __wrap___aeabi_lmul
 *fill*         0x10002fe6        0x2 
 .text.__aeabi_float_init
                0x10002fe8       0x64 CMakeFiles/SPI_2_CANFD.dir/home/pilot/.pico-sdk/sdk/2.2.0/src/rp2_common/pico_float/float_init_rom_rp2040.c.o
                0x10002fe8                __aeabi_float_init
 .text.float_table_shim_on_use_helper
                0x1000304c       0x2c CMakeFiles/SPI_2_CANFD.dir/home/pilot/.pico-sdk/sdk/2.2.0/src/rp2_common/pico_float/float_v1_rom_shim_rp2040.S.o
                0x1000304c                float_table_shim_on_use_helper
 .text.__wrap_malloc
                0x10003078       0x24 CMakeFiles/SPI_2_CANFD.dir/home/pilot/.pico-sdk/sdk/2.2.0/src/rp2_common/pico_malloc/malloc.c.o
                0x10003078                __wrap_malloc
 .text          0x1000309c       0x10 CMakeFiles/SPI_2_CANFD.dir/home/pilot/.pico-sdk/sdk/2.2.0/src/rp2_common/pico_mem_ops/mem_ops_aeabi.S.o
                0x1000309c                __aeabi_mem_init
 .text.memset   0x100030ac        0xc CMakeFiles/SPI_2_CANFD.dir/home/pilot/.pico-sdk/sdk/2.2.0/src/rp2_common/pico_mem_ops/mem_ops_aeabi.S.o
                0x100030ac                __wrap_memset
 .text.memcpy   0x100030b8        0xc CMakeFiles/SPI_2_CANFD.dir/home/pilot/.pico-sdk/sdk/2.2.0/src/rp2_common/pico_mem_ops/mem_ops_aeabi.S.o
                0x100030b8                __wrap___aeabi_memcpy
                0x100030b8                __wrap_memcpy
 .text._Znaj    0x100030c4        0x8 CMakeFiles/SPI_2_CANFD.dir/home/pilot/.pico-sdk/sdk/2.2.0/src/rp2_common/pico_cxx_options/new_delete.cpp.o
                0x100030c4                operator new[](unsigned int)
 .text._out_buffer
                0x100030cc        0x8 CMakeFiles/SPI_2_CANFD.dir/home/pilot/.pico-sdk/sdk/2.2.0/src/rp2_common/pico_printf/printf.c.o
 .text._out_null
                0x100030d4        0x4 CMakeFiles/SPI_2_CANFD.dir/home/pilot/.pico-sdk/sdk/2.2.0/src/rp2_common/pico_printf/printf.c.o
 .text._out_rev
                0x100030d8       0xac CMakeFiles/SPI_2_CANFD.dir/home/pilot/.pico-sdk/sdk/2.2.0/src/rp2_common/pico_printf/printf.c.o
 .text._ntoa_format
                0x10003184      0x1cc CMakeFiles/SPI_2_CANFD.dir/home/pilot/.pico-sdk/sdk/2.2.0/src/rp2_common/pico_printf/printf.c.o
 .text._out_char
                0x10003350       0x10 CMakeFiles/SPI_2_CANFD.dir/home/pilot/.pico-sdk/sdk/2.2.0/src/rp2_common/pico_printf/printf.c.o
 .text._out_fct
                0x10003360       0x10 CMakeFiles/SPI_2_CANFD.dir/home/pilot/.pico-sdk/sdk/2.2.0/src/rp2_common/pico_printf/printf.c.o
 .text._ftoa    0x10003370      0x4a8 CMakeFiles/SPI_2_CANFD.dir/home/pilot/.pico-sdk/sdk/2.2.0/src/rp2_common/pico_printf/printf.c.o
 .text._etoa    0x10003818      0x57c CMakeFiles/SPI_2_CANFD.dir/home/pilot/.pico-sdk/sdk/2.2.0/src/rp2_common/pico_printf/printf.c.o
 .text._vsnprintf
                0x10003d94      0xbe0 CMakeFiles/SPI_2_CANFD.dir/home/pilot/.pico-sdk/sdk/2.2.0/src/rp2_common/pico_printf/printf.c.o
 .text.__wrap_sprintf
                0x10004974       0x2c CMakeFiles/SPI_2_CANFD.dir/home/pilot/.pico-sdk/sdk/2.2.0/src/rp2_common/pico_printf/printf.c.o
                0x10004974                __wrap_sprintf
 .text.vfctprintf
                0x100049a0       0x24 CMakeFiles/SPI_2_CANFD.dir/home/pilot/.pico-sdk/sdk/2.2.0/src/rp2_common/pico_printf/printf.c.o
                0x100049a0                vfctprintf
 .text.weak_raw_vprintf
                0x100049c4       0x30 CMakeFiles/SPI_2_CANFD.dir/home/pilot/.pico-sdk/sdk/2.2.0/src/rp2_common/pico_printf/printf.c.o
                0x100049c4                weak_raw_vprintf
 .text._exit    0x100049f4        0x4 CMakeFiles/SPI_2_CANFD.dir/home/pilot/.pico-sdk/sdk/2.2.0/src/rp2_common/pico_clib_interface/newlib_interface.c.o
                0x100049f4                _exit
 .text._sbrk    0x100049f8       0x34 CMakeFiles/SPI_2_CANFD.dir/home/pilot/.pico-sdk/sdk/2.2.0/src/rp2_common/pico_clib_interface/newlib_interface.c.o
                0x100049f8                _sbrk
 .text.exit     0x10004a2c        0x8 CMakeFiles/SPI_2_CANFD.dir/home/pilot/.pico-sdk/sdk/2.2.0/src/rp2_common/pico_clib_interface/newlib_interface.c.o
                0x10004a2c                exit
 .text.runtime_init
                0x10004a34       0x2c CMakeFiles/SPI_2_CANFD.dir/home/pilot/.pico-sdk/sdk/2.2.0/src/rp2_common/pico_clib_interface/newlib_interface.c.o
                0x10004a34                runtime_init
 .text.stdio_out_chars_no_crlf
                0x10004a60       0x10 CMakeFiles/SPI_2_CANFD.dir/home/pilot/.pico-sdk/sdk/2.2.0/src/rp2_common/pico_stdio/stdio.c.o
 .text.stdio_out_chars_crlf
                0x10004a70       0xb0 CMakeFiles/SPI_2_CANFD.dir/home/pilot/.pico-sdk/sdk/2.2.0/src/rp2_common/pico_stdio/stdio.c.o
 .text.stdio_buffered_printer
                0x10004b20       0x64 CMakeFiles/SPI_2_CANFD.dir/home/pilot/.pico-sdk/sdk/2.2.0/src/rp2_common/pico_stdio/stdio.c.o
 .text.stdio_put_string
                0x10004b84       0xfc CMakeFiles/SPI_2_CANFD.dir/home/pilot/.pico-sdk/sdk/2.2.0/src/rp2_common/pico_stdio/stdio.c.o
                0x10004b84                stdio_put_string
 .text.stdio_set_driver_enabled
                0x10004c80       0x30 CMakeFiles/SPI_2_CANFD.dir/home/pilot/.pico-sdk/sdk/2.2.0/src/rp2_common/pico_stdio/stdio.c.o
                0x10004c80                stdio_set_driver_enabled
 .text.stdio_init_all
                0x10004cb0        0x8 CMakeFiles/SPI_2_CANFD.dir/home/pilot/.pico-sdk/sdk/2.2.0/src/rp2_common/pico_stdio/stdio.c.o
                0x10004cb0                stdio_init_all
 .text.__wrap_putchar
                0x10004cb8       0x94 CMakeFiles/SPI_2_CANFD.dir/home/pilot/.pico-sdk/sdk/2.2.0/src/rp2_common/pico_stdio/stdio.c.o
                0x10004cb8                stdio_putchar
                0x10004cb8                __wrap_putchar
 .text.__wrap_puts
                0x10004d4c       0x3c CMakeFiles/SPI_2_CANFD.dir/home/pilot/.pico-sdk/sdk/2.2.0/src/rp2_common/pico_stdio/stdio.c.o
                0x10004d4c                __wrap_puts
                0x10004d4c                stdio_puts
 .text.__wrap_vprintf
                0x10004d88       0xcc CMakeFiles/SPI_2_CANFD.dir/home/pilot/.pico-sdk/sdk/2.2.0/src/rp2_common/pico_stdio/stdio.c.o
                0x10004d88                __wrap_vprintf
                0x10004d88                stdio_vprintf
 .text.__wrap_printf
                0x10004e54       0x18 CMakeFiles/SPI_2_CANFD.dir/home/pilot/.pico-sdk/sdk/2.2.0/src/rp2_common/pico_stdio/stdio.c.o
                0x10004e54                stdio_printf
                0x10004e54                __wrap_printf
 .text.resetd_init
                0x10004e6c        0x4 CMakeFiles/SPI_2_CANFD.dir/home/pilot/.pico-sdk/sdk/2.2.0/src/rp2_common/pico_stdio_usb/reset_interface.c.o
 .text.resetd_reset
                0x10004e70        0xc CMakeFiles/SPI_2_CANFD.dir/home/pilot/.pico-sdk/sdk/2.2.0/src/rp2_common/pico_stdio_usb/reset_interface.c.o
 .text.resetd_open
                0x10004e7c       0x28 CMakeFiles/SPI_2_CANFD.dir/home/pilot/.pico-sdk/sdk/2.2.0/src/rp2_common/pico_stdio_usb/reset_interface.c.o
 .text.resetd_xfer_cb
                0x10004ea4        0x4 CMakeFiles/SPI_2_CANFD.dir/home/pilot/.pico-sdk/sdk/2.2.0/src/rp2_common/pico_stdio_usb/reset_interface.c.o
 .text.resetd_control_xfer_cb
                0x10004ea8       0x54 CMakeFiles/SPI_2_CANFD.dir/home/pilot/.pico-sdk/sdk/2.2.0/src/rp2_common/pico_stdio_usb/reset_interface.c.o
 .text.tud_descriptor_bos_cb
                0x10004efc        0x8 CMakeFiles/SPI_2_CANFD.dir/home/pilot/.pico-sdk/sdk/2.2.0/src/rp2_common/pico_stdio_usb/reset_interface.c.o
                0x10004efc                tud_descriptor_bos_cb
 .text.tud_vendor_control_xfer_cb
                0x10004f04       0x34 CMakeFiles/SPI_2_CANFD.dir/home/pilot/.pico-sdk/sdk/2.2.0/src/rp2_common/pico_stdio_usb/reset_interface.c.o
                0x10004f04                tud_vendor_control_xfer_cb
 .text.usbd_app_driver_get_cb
                0x10004f38        0xc CMakeFiles/SPI_2_CANFD.dir/home/pilot/.pico-sdk/sdk/2.2.0/src/rp2_common/pico_stdio_usb/reset_interface.c.o
                0x10004f38                usbd_app_driver_get_cb
 .text.tud_cdc_line_coding_cb
                0x10004f44       0x2c CMakeFiles/SPI_2_CANFD.dir/home/pilot/.pico-sdk/sdk/2.2.0/src/rp2_common/pico_stdio_usb/reset_interface.c.o
                0x10004f44                tud_cdc_line_coding_cb
 .text.stdio_usb_set_chars_available_callback
                0x10004f70       0x14 CMakeFiles/SPI_2_CANFD.dir/home/pilot/.pico-sdk/sdk/2.2.0/src/rp2_common/pico_stdio_usb/stdio_usb.c.o
                0x10004f70                stdio_usb_set_chars_available_callback
 .text.usb_irq  0x10004f84       0x10 CMakeFiles/SPI_2_CANFD.dir/home/pilot/.pico-sdk/sdk/2.2.0/src/rp2_common/pico_stdio_usb/stdio_usb.c.o
 .text.timer_task
                0x10004f94       0x64 CMakeFiles/SPI_2_CANFD.dir/home/pilot/.pico-sdk/sdk/2.2.0/src/rp2_common/pico_stdio_usb/stdio_usb.c.o
 .text.stdio_usb_in_chars
                0x10004ff8       0x8c CMakeFiles/SPI_2_CANFD.dir/home/pilot/.pico-sdk/sdk/2.2.0/src/rp2_common/pico_stdio_usb/stdio_usb.c.o
                0x10004ff8                stdio_usb_in_chars
 .text.stdio_usb_out_flush
                0x10005084       0x4c CMakeFiles/SPI_2_CANFD.dir/home/pilot/.pico-sdk/sdk/2.2.0/src/rp2_common/pico_stdio_usb/stdio_usb.c.o
 .text.stdio_usb_out_chars
                0x100050d0      0x100 CMakeFiles/SPI_2_CANFD.dir/home/pilot/.pico-sdk/sdk/2.2.0/src/rp2_common/pico_stdio_usb/stdio_usb.c.o
 .text.low_priority_worker_irq
                0x100051d0       0xc8 CMakeFiles/SPI_2_CANFD.dir/home/pilot/.pico-sdk/sdk/2.2.0/src/rp2_common/pico_stdio_usb/stdio_usb.c.o
 .text.stdio_usb_init
                0x10005298       0xe8 CMakeFiles/SPI_2_CANFD.dir/home/pilot/.pico-sdk/sdk/2.2.0/src/rp2_common/pico_stdio_usb/stdio_usb.c.o
                0x10005298                stdio_usb_init
 .text.tud_descriptor_device_cb
                0x10005380        0x8 CMakeFiles/SPI_2_CANFD.dir/home/pilot/.pico-sdk/sdk/2.2.0/src/rp2_common/pico_stdio_usb/stdio_usb_descriptors.c.o
                0x10005380                tud_descriptor_device_cb
 .text.tud_descriptor_configuration_cb
                0x10005388        0x8 CMakeFiles/SPI_2_CANFD.dir/home/pilot/.pico-sdk/sdk/2.2.0/src/rp2_common/pico_stdio_usb/stdio_usb_descriptors.c.o
                0x10005388                tud_descriptor_configuration_cb
 .text.tud_descriptor_string_cb
                0x10005390       0x78 CMakeFiles/SPI_2_CANFD.dir/home/pilot/.pico-sdk/sdk/2.2.0/src/rp2_common/pico_stdio_usb/stdio_usb_descriptors.c.o
                0x10005390                tud_descriptor_string_cb
 .text.startup._retrieve_unique_id_on_boot
                0x10005408       0x10 CMakeFiles/SPI_2_CANFD.dir/home/pilot/.pico-sdk/sdk/2.2.0/src/rp2_common/pico_unique_id/unique_id.c.o
 .text.pico_get_unique_board_id_string
                0x10005418      0x1a8 CMakeFiles/SPI_2_CANFD.dir/home/pilot/.pico-sdk/sdk/2.2.0/src/rp2_common/pico_unique_id/unique_id.c.o
                0x10005418                pico_get_unique_board_id_string
 .text.flash_get_unique_id
                0x100055c0       0x3c CMakeFiles/SPI_2_CANFD.dir/home/pilot/.pico-sdk/sdk/2.2.0/src/rp2_common/hardware_flash/flash.c.o
                0x100055c0                flash_get_unique_id
 .text.dcd_init
                0x100055fc       0x90 CMakeFiles/SPI_2_CANFD.dir/home/pilot/.pico-sdk/sdk/2.2.0/lib/tinyusb/src/portable/raspberrypi/rp2040/dcd_rp2040.c.o
                0x100055fc                dcd_init
 .text.dcd_int_enable
                0x1000568c        0xc CMakeFiles/SPI_2_CANFD.dir/home/pilot/.pico-sdk/sdk/2.2.0/lib/tinyusb/src/portable/raspberrypi/rp2040/dcd_rp2040.c.o
                0x1000568c                dcd_int_enable
 .text.dcd_set_address
                0x10005698       0x14 CMakeFiles/SPI_2_CANFD.dir/home/pilot/.pico-sdk/sdk/2.2.0/lib/tinyusb/src/portable/raspberrypi/rp2040/dcd_rp2040.c.o
                0x10005698                dcd_set_address
 .text.dcd_sof_enable
                0x100056ac       0x1c CMakeFiles/SPI_2_CANFD.dir/home/pilot/.pico-sdk/sdk/2.2.0/lib/tinyusb/src/portable/raspberrypi/rp2040/dcd_rp2040.c.o
                0x100056ac                dcd_sof_enable
 .text.dcd_edpt0_status_complete
                0x100056c8       0x1c CMakeFiles/SPI_2_CANFD.dir/home/pilot/.pico-sdk/sdk/2.2.0/lib/tinyusb/src/portable/raspberrypi/rp2040/dcd_rp2040.c.o
                0x100056c8                dcd_edpt0_status_complete
 .text.dcd_edpt_open
                0x100056e4      0x114 CMakeFiles/SPI_2_CANFD.dir/home/pilot/.pico-sdk/sdk/2.2.0/lib/tinyusb/src/portable/raspberrypi/rp2040/dcd_rp2040.c.o
                0x100056e4                dcd_edpt_open
 .text.dcd_edpt_close_all
                0x100057f8        0x8 CMakeFiles/SPI_2_CANFD.dir/home/pilot/.pico-sdk/sdk/2.2.0/lib/tinyusb/src/portable/raspberrypi/rp2040/dcd_rp2040.c.o
                0x100057f8                dcd_edpt_close_all
 .text.dcd_edpt_xfer
                0x10005800       0x24 CMakeFiles/SPI_2_CANFD.dir/home/pilot/.pico-sdk/sdk/2.2.0/lib/tinyusb/src/portable/raspberrypi/rp2040/dcd_rp2040.c.o
                0x10005800                dcd_edpt_xfer
 .text.dcd_edpt_stall
                0x10005824       0x3c CMakeFiles/SPI_2_CANFD.dir/home/pilot/.pico-sdk/sdk/2.2.0/lib/tinyusb/src/portable/raspberrypi/rp2040/dcd_rp2040.c.o
                0x10005824                dcd_edpt_stall
 .text.dcd_edpt_clear_stall
                0x10005860       0x30 CMakeFiles/SPI_2_CANFD.dir/home/pilot/.pico-sdk/sdk/2.2.0/lib/tinyusb/src/portable/raspberrypi/rp2040/dcd_rp2040.c.o
                0x10005860                dcd_edpt_clear_stall
 .text.rp2040_usb_init
                0x10005890       0x40 CMakeFiles/SPI_2_CANFD.dir/home/pilot/.pico-sdk/sdk/2.2.0/lib/tinyusb/src/portable/raspberrypi/rp2040/rp2040_usb.c.o
                0x10005890                rp2040_usb_init
 .text.hw_endpoint_xfer_start
                0x100058d0       0x40 CMakeFiles/SPI_2_CANFD.dir/home/pilot/.pico-sdk/sdk/2.2.0/lib/tinyusb/src/portable/raspberrypi/rp2040/rp2040_usb.c.o
                0x100058d0                hw_endpoint_xfer_start
 .text.tud_event_hook_cb
                0x10005910        0x4 CMakeFiles/SPI_2_CANFD.dir/home/pilot/.pico-sdk/sdk/2.2.0/lib/tinyusb/src/device/usbd.c.o
                0x10005910                tud_event_hook_cb
 .text.tud_sof_cb
                0x10005914        0x4 CMakeFiles/SPI_2_CANFD.dir/home/pilot/.pico-sdk/sdk/2.2.0/lib/tinyusb/src/device/usbd.c.o
                0x10005914                tud_sof_cb
 .text.tud_descriptor_device_qualifier_cb
                0x10005918        0x4 CMakeFiles/SPI_2_CANFD.dir/home/pilot/.pico-sdk/sdk/2.2.0/lib/tinyusb/src/device/usbd.c.o
                0x10005918                tud_descriptor_device_qualifier_cb
 .text.tud_descriptor_other_speed_configuration_cb
                0x1000591c        0x4 CMakeFiles/SPI_2_CANFD.dir/home/pilot/.pico-sdk/sdk/2.2.0/lib/tinyusb/src/device/usbd.c.o
                0x1000591c                tud_descriptor_other_speed_configuration_cb
 .text.tud_mount_cb
                0x10005920        0x4 CMakeFiles/SPI_2_CANFD.dir/home/pilot/.pico-sdk/sdk/2.2.0/lib/tinyusb/src/device/usbd.c.o
                0x10005920                tud_mount_cb
 .text.tud_umount_cb
                0x10005924        0x4 CMakeFiles/SPI_2_CANFD.dir/home/pilot/.pico-sdk/sdk/2.2.0/lib/tinyusb/src/device/usbd.c.o
                0x10005924                tud_umount_cb
 .text.tud_suspend_cb
                0x10005928        0x4 CMakeFiles/SPI_2_CANFD.dir/home/pilot/.pico-sdk/sdk/2.2.0/lib/tinyusb/src/device/usbd.c.o
                0x10005928                tud_suspend_cb
 .text.tud_resume_cb
                0x1000592c        0x4 CMakeFiles/SPI_2_CANFD.dir/home/pilot/.pico-sdk/sdk/2.2.0/lib/tinyusb/src/device/usbd.c.o
                0x1000592c                tud_resume_cb
 .text.tud_mounted
                0x10005930       0x10 CMakeFiles/SPI_2_CANFD.dir/home/pilot/.pico-sdk/sdk/2.2.0/lib/tinyusb/src/device/usbd.c.o
                0x10005930                tud_mounted
 .text.tud_suspended
                0x10005940       0x10 CMakeFiles/SPI_2_CANFD.dir/home/pilot/.pico-sdk/sdk/2.2.0/lib/tinyusb/src/device/usbd.c.o
                0x10005940                tud_suspended
 .text.tud_rhport_init
                0x10005950       0xf4 CMakeFiles/SPI_2_CANFD.dir/home/pilot/.pico-sdk/sdk/2.2.0/lib/tinyusb/src/device/usbd.c.o
                0x10005950                tud_rhport_init
 .text.tud_task_ext
                0x10005a44      0x800 CMakeFiles/SPI_2_CANFD.dir/home/pilot/.pico-sdk/sdk/2.2.0/lib/tinyusb/src/device/usbd.c.o
                0x10005a44                tud_task_ext
 .text.usbd_open_edpt_pair
                0x10006244       0x9c CMakeFiles/SPI_2_CANFD.dir/home/pilot/.pico-sdk/sdk/2.2.0/lib/tinyusb/src/device/usbd.c.o
                0x10006244                usbd_open_edpt_pair
 .text.usbd_edpt_open
                0x100062e0       0x34 CMakeFiles/SPI_2_CANFD.dir/home/pilot/.pico-sdk/sdk/2.2.0/lib/tinyusb/src/device/usbd.c.o
                0x100062e0                usbd_edpt_open
 .text.usbd_edpt_claim
                0x10006314       0x28 CMakeFiles/SPI_2_CANFD.dir/home/pilot/.pico-sdk/sdk/2.2.0/lib/tinyusb/src/device/usbd.c.o
                0x10006314                usbd_edpt_claim
 .text.usbd_edpt_release
                0x1000633c       0x28 CMakeFiles/SPI_2_CANFD.dir/home/pilot/.pico-sdk/sdk/2.2.0/lib/tinyusb/src/device/usbd.c.o
                0x1000633c                usbd_edpt_release
 .text.usbd_edpt_xfer
                0x10006364       0x4c CMakeFiles/SPI_2_CANFD.dir/home/pilot/.pico-sdk/sdk/2.2.0/lib/tinyusb/src/device/usbd.c.o
                0x10006364                usbd_edpt_xfer
 .text.tud_control_status
                0x100063b0       0x2c CMakeFiles/SPI_2_CANFD.dir/home/pilot/.pico-sdk/sdk/2.2.0/lib/tinyusb/src/device/usbd_control.c.o
                0x100063b0                tud_control_status
 .text.tud_control_xfer
                0x100063dc       0xa8 CMakeFiles/SPI_2_CANFD.dir/home/pilot/.pico-sdk/sdk/2.2.0/lib/tinyusb/src/device/usbd_control.c.o
                0x100063dc                tud_control_xfer
 .text.usbd_control_reset
                0x10006484       0x14 CMakeFiles/SPI_2_CANFD.dir/home/pilot/.pico-sdk/sdk/2.2.0/lib/tinyusb/src/device/usbd_control.c.o
                0x10006484                usbd_control_reset
 .text.usbd_control_set_complete_callback
                0x10006498        0xc CMakeFiles/SPI_2_CANFD.dir/home/pilot/.pico-sdk/sdk/2.2.0/lib/tinyusb/src/device/usbd_control.c.o
                0x10006498                usbd_control_set_complete_callback
 .text.usbd_control_set_request
                0x100064a4       0x1c CMakeFiles/SPI_2_CANFD.dir/home/pilot/.pico-sdk/sdk/2.2.0/lib/tinyusb/src/device/usbd_control.c.o
                0x100064a4                usbd_control_set_request
 .text.usbd_control_xfer_cb
                0x100064c0       0xec CMakeFiles/SPI_2_CANFD.dir/home/pilot/.pico-sdk/sdk/2.2.0/lib/tinyusb/src/device/usbd_control.c.o
                0x100064c0                usbd_control_xfer_cb
 .text._prep_out_transaction.isra.0
                0x100065ac       0x6c CMakeFiles/SPI_2_CANFD.dir/home/pilot/.pico-sdk/sdk/2.2.0/lib/tinyusb/src/class/cdc/cdc_device.c.o
 .text.tud_cdc_n_connected
                0x10006618       0x2c CMakeFiles/SPI_2_CANFD.dir/home/pilot/.pico-sdk/sdk/2.2.0/lib/tinyusb/src/class/cdc/cdc_device.c.o
                0x10006618                tud_cdc_n_connected
 .text.tud_cdc_n_available
                0x10006644       0x14 CMakeFiles/SPI_2_CANFD.dir/home/pilot/.pico-sdk/sdk/2.2.0/lib/tinyusb/src/class/cdc/cdc_device.c.o
                0x10006644                tud_cdc_n_available
 .text.tud_cdc_n_read
                0x10006658       0x88 CMakeFiles/SPI_2_CANFD.dir/home/pilot/.pico-sdk/sdk/2.2.0/lib/tinyusb/src/class/cdc/cdc_device.c.o
                0x10006658                tud_cdc_n_read
 .text.tud_cdc_n_write_flush
                0x100066e0       0x74 CMakeFiles/SPI_2_CANFD.dir/home/pilot/.pico-sdk/sdk/2.2.0/lib/tinyusb/src/class/cdc/cdc_device.c.o
                0x100066e0                tud_cdc_n_write_flush
 .text.tud_cdc_n_write
                0x10006754       0x40 CMakeFiles/SPI_2_CANFD.dir/home/pilot/.pico-sdk/sdk/2.2.0/lib/tinyusb/src/class/cdc/cdc_device.c.o
                0x10006754                tud_cdc_n_write
 .text.tud_cdc_n_write_available
                0x10006794       0x14 CMakeFiles/SPI_2_CANFD.dir/home/pilot/.pico-sdk/sdk/2.2.0/lib/tinyusb/src/class/cdc/cdc_device.c.o
                0x10006794                tud_cdc_n_write_available
 .text.cdcd_init
                0x100067a8       0x70 CMakeFiles/SPI_2_CANFD.dir/home/pilot/.pico-sdk/sdk/2.2.0/lib/tinyusb/src/class/cdc/cdc_device.c.o
                0x100067a8                cdcd_init
 .text.cdcd_deinit
                0x10006818       0x30 CMakeFiles/SPI_2_CANFD.dir/home/pilot/.pico-sdk/sdk/2.2.0/lib/tinyusb/src/class/cdc/cdc_device.c.o
                0x10006818                cdcd_deinit
 .text.cdcd_reset
                0x10006848       0x4c CMakeFiles/SPI_2_CANFD.dir/home/pilot/.pico-sdk/sdk/2.2.0/lib/tinyusb/src/class/cdc/cdc_device.c.o
                0x10006848                cdcd_reset
 .text.cdcd_open
                0x10006894       0xa4 CMakeFiles/SPI_2_CANFD.dir/home/pilot/.pico-sdk/sdk/2.2.0/lib/tinyusb/src/class/cdc/cdc_device.c.o
                0x10006894                cdcd_open
 .text.cdcd_control_xfer_cb
                0x10006938       0xe8 CMakeFiles/SPI_2_CANFD.dir/home/pilot/.pico-sdk/sdk/2.2.0/lib/tinyusb/src/class/cdc/cdc_device.c.o
                0x10006938                cdcd_control_xfer_cb
 .text.cdcd_xfer_cb
                0x10006a20      0x100 CMakeFiles/SPI_2_CANFD.dir/home/pilot/.pico-sdk/sdk/2.2.0/lib/tinyusb/src/class/cdc/cdc_device.c.o
                0x10006a20                cdcd_xfer_cb
 .text.vendord_init
                0x10006b20       0x5c CMakeFiles/SPI_2_CANFD.dir/home/pilot/.pico-sdk/sdk/2.2.0/lib/tinyusb/src/class/vendor/vendor_device.c.o
                0x10006b20                vendord_init
 .text.vendord_deinit
                0x10006b7c       0x1c CMakeFiles/SPI_2_CANFD.dir/home/pilot/.pico-sdk/sdk/2.2.0/lib/tinyusb/src/class/vendor/vendor_device.c.o
                0x10006b7c                vendord_deinit
 .text.vendord_reset
                0x10006b98       0x28 CMakeFiles/SPI_2_CANFD.dir/home/pilot/.pico-sdk/sdk/2.2.0/lib/tinyusb/src/class/vendor/vendor_device.c.o
                0x10006b98                vendord_reset
 .text.vendord_open
                0x10006bc0      0x120 CMakeFiles/SPI_2_CANFD.dir/home/pilot/.pico-sdk/sdk/2.2.0/lib/tinyusb/src/class/vendor/vendor_device.c.o
                0x10006bc0                vendord_open
 .text.vendord_xfer_cb
                0x10006ce0       0x9c CMakeFiles/SPI_2_CANFD.dir/home/pilot/.pico-sdk/sdk/2.2.0/lib/tinyusb/src/class/vendor/vendor_device.c.o
                0x10006ce0                vendord_xfer_cb
 .text.tusb_rhport_init
                0x10006d7c       0x4c CMakeFiles/SPI_2_CANFD.dir/home/pilot/.pico-sdk/sdk/2.2.0/lib/tinyusb/src/tusb.c.o
                0x10006d7c                tusb_rhport_init
 .text.tu_edpt_claim
                0x10006dc8       0x50 CMakeFiles/SPI_2_CANFD.dir/home/pilot/.pico-sdk/sdk/2.2.0/lib/tinyusb/src/tusb.c.o
                0x10006dc8                tu_edpt_claim
 .text.tu_edpt_release
                0x10006e18       0x38 CMakeFiles/SPI_2_CANFD.dir/home/pilot/.pico-sdk/sdk/2.2.0/lib/tinyusb/src/tusb.c.o
                0x10006e18                tu_edpt_release
 .text.tu_edpt_validate
                0x10006e50       0x7c CMakeFiles/SPI_2_CANFD.dir/home/pilot/.pico-sdk/sdk/2.2.0/lib/tinyusb/src/tusb.c.o
                0x10006e50                tu_edpt_validate
 .text.tu_edpt_bind_driver
                0x10006ecc       0x34 CMakeFiles/SPI_2_CANFD.dir/home/pilot/.pico-sdk/sdk/2.2.0/lib/tinyusb/src/tusb.c.o
                0x10006ecc                tu_edpt_bind_driver
 .text.tu_edpt_stream_init
                0x10006f00       0x6c CMakeFiles/SPI_2_CANFD.dir/home/pilot/.pico-sdk/sdk/2.2.0/lib/tinyusb/src/tusb.c.o
                0x10006f00                tu_edpt_stream_init
 .text.tu_edpt_stream_deinit
                0x10006f6c        0x4 CMakeFiles/SPI_2_CANFD.dir/home/pilot/.pico-sdk/sdk/2.2.0/lib/tinyusb/src/tusb.c.o
                0x10006f6c                tu_edpt_stream_deinit
 .text.tu_edpt_stream_write_zlp_if_needed
                0x10006f70       0x68 CMakeFiles/SPI_2_CANFD.dir/home/pilot/.pico-sdk/sdk/2.2.0/lib/tinyusb/src/tusb.c.o
                0x10006f70                tu_edpt_stream_write_zlp_if_needed
 .text.tu_edpt_stream_write_xfer
                0x10006fd8       0x68 CMakeFiles/SPI_2_CANFD.dir/home/pilot/.pico-sdk/sdk/2.2.0/lib/tinyusb/src/tusb.c.o
                0x10006fd8                tu_edpt_stream_write_xfer
 .text.tu_edpt_stream_read_xfer
                0x10007040       0xd8 CMakeFiles/SPI_2_CANFD.dir/home/pilot/.pico-sdk/sdk/2.2.0/lib/tinyusb/src/tusb.c.o
                0x10007040                tu_edpt_stream_read_xfer
 .text.tu_fifo_config
                0x10007118       0x6c CMakeFiles/SPI_2_CANFD.dir/home/pilot/.pico-sdk/sdk/2.2.0/lib/tinyusb/src/common/tusb_fifo.c.o
                0x10007118                tu_fifo_config
 .text.tu_fifo_count
                0x10007184       0x2c CMakeFiles/SPI_2_CANFD.dir/home/pilot/.pico-sdk/sdk/2.2.0/lib/tinyusb/src/common/tusb_fifo.c.o
                0x10007184                tu_fifo_count
 .text.tu_fifo_empty
                0x100071b0       0x10 CMakeFiles/SPI_2_CANFD.dir/home/pilot/.pico-sdk/sdk/2.2.0/lib/tinyusb/src/common/tusb_fifo.c.o
                0x100071b0                tu_fifo_empty
 .text.tu_fifo_remaining
                0x100071c0       0x2c CMakeFiles/SPI_2_CANFD.dir/home/pilot/.pico-sdk/sdk/2.2.0/lib/tinyusb/src/common/tusb_fifo.c.o
                0x100071c0                tu_fifo_remaining
 .text.tu_fifo_read
                0x100071ec       0x9c CMakeFiles/SPI_2_CANFD.dir/home/pilot/.pico-sdk/sdk/2.2.0/lib/tinyusb/src/common/tusb_fifo.c.o
                0x100071ec                tu_fifo_read
 .text.tu_fifo_read_n
                0x10007288       0xe8 CMakeFiles/SPI_2_CANFD.dir/home/pilot/.pico-sdk/sdk/2.2.0/lib/tinyusb/src/common/tusb_fifo.c.o
                0x10007288                tu_fifo_read_n
 .text.tu_fifo_write
                0x10007370       0xa4 CMakeFiles/SPI_2_CANFD.dir/home/pilot/.pico-sdk/sdk/2.2.0/lib/tinyusb/src/common/tusb_fifo.c.o
                0x10007370                tu_fifo_write
 .text.tu_fifo_write_n
                0x10007414      0x178 CMakeFiles/SPI_2_CANFD.dir/home/pilot/.pico-sdk/sdk/2.2.0/lib/tinyusb/src/common/tusb_fifo.c.o
                0x10007414                tu_fifo_write_n
 .text.tu_fifo_clear
                0x1000758c       0x40 CMakeFiles/SPI_2_CANFD.dir/home/pilot/.pico-sdk/sdk/2.2.0/lib/tinyusb/src/common/tusb_fifo.c.o
                0x1000758c                tu_fifo_clear
 .text.tu_fifo_set_overwritable
                0x100075cc       0x48 CMakeFiles/SPI_2_CANFD.dir/home/pilot/.pico-sdk/sdk/2.2.0/lib/tinyusb/src/common/tusb_fifo.c.o
                0x100075cc                tu_fifo_set_overwritable
 .text._ZN12pico_ssd13067SSD13068setPixelEssNS_9WriteModeE
                0x10007614       0x78 pico-ssd1306/libpico_ssd1306.a(ssd1306.cpp.o)
                0x10007614                pico_ssd1306::SSD1306::setPixel(short, short, pico_ssd1306::WriteMode)
 .text._ZN12pico_ssd13067SSD130610sendBufferEv
                0x1000768c       0xc4 pico-ssd1306/libpico_ssd1306.a(ssd1306.cpp.o)
                0x1000768c                pico_ssd1306::SSD1306::sendBuffer()
 .text._ZN12pico_ssd13067SSD1306C2EP8i2c_insttNS_4SizeE
                0x10007750       0xa0 pico-ssd1306/libpico_ssd1306.a(ssd1306.cpp.o)
                0x10007750                pico_ssd1306::SSD1306::SSD1306(i2c_inst*, unsigned short, pico_ssd1306::Size)
                0x10007750                pico_ssd1306::SSD1306::SSD1306(i2c_inst*, unsigned short, pico_ssd1306::Size)
 .text._ZN12pico_ssd13067SSD13065clearEv
                0x100077f0        0xc pico-ssd1306/libpico_ssd1306.a(ssd1306.cpp.o)
                0x100077f0                pico_ssd1306::SSD1306::clear()
 .text._ZN12pico_ssd13067SSD130614setOrientationEb
                0x100077fc       0x60 pico-ssd1306/libpico_ssd1306.a(ssd1306.cpp.o)
                0x100077fc                pico_ssd1306::SSD1306::setOrientation(bool)
 .text._ZN11FrameBufferC2Ev
                0x1000785c       0x14 pico-ssd1306/libpico_ssd1306.a(FrameBuffer.cpp.o)
                0x1000785c                FrameBuffer::FrameBuffer()
                0x1000785c                FrameBuffer::FrameBuffer()
 .text._ZN11FrameBuffer6byteOREih
                0x10007870       0x14 pico-ssd1306/libpico_ssd1306.a(FrameBuffer.cpp.o)
                0x10007870                FrameBuffer::byteOR(int, unsigned char)
 .text._ZN11FrameBuffer7byteANDEih
                0x10007884       0x14 pico-ssd1306/libpico_ssd1306.a(FrameBuffer.cpp.o)
                0x10007884                FrameBuffer::byteAND(int, unsigned char)
 .text._ZN11FrameBuffer7byteXOREih
                0x10007898       0x14 pico-ssd1306/libpico_ssd1306.a(FrameBuffer.cpp.o)
                0x10007898                FrameBuffer::byteXOR(int, unsigned char)
 .text._ZN11FrameBuffer5clearEv
                0x100078ac       0x10 pico-ssd1306/libpico_ssd1306.a(FrameBuffer.cpp.o)
                0x100078ac                FrameBuffer::clear()
 .text._ZN11FrameBuffer3getEv
                0x100078bc        0x4 pico-ssd1306/libpico_ssd1306.a(FrameBuffer.cpp.o)
                0x100078bc                FrameBuffer::get()
 .text._Z18create_message_objPhS_19msgtype_MCP251863_t19pl_size_MCP251863_tmi
                0x100078c0      0x118 rp2040-mcp251863/librp2040_mcp251863.a(mcp251863.cpp.o)
                0x100078c0                create_message_obj(unsigned char*, unsigned char*, msgtype_MCP251863_t, pl_size_MCP251863_t, unsigned long, int)
 .text._ZN9MCP251863C2EP8spi_instjj
                0x100079d8        0x8 rp2040-mcp251863/librp2040_mcp251863.a(mcp251863.cpp.o)
                0x100079d8                MCP251863::MCP251863(spi_inst*, unsigned int, unsigned int)
                0x100079d8                MCP251863::MCP251863(spi_inst*, unsigned int, unsigned int)
 .text._ZN9MCP2518639writeAddrEtPhj
                0x100079e0       0x7c rp2040-mcp251863/librp2040_mcp251863.a(mcp251863.cpp.o)
                0x100079e0                MCP251863::writeAddr(unsigned short, unsigned char*, unsigned int)
 .text._ZN9MCP2518638readAddrEtPhj
                0x10007a5c       0x7c rp2040-mcp251863/librp2040_mcp251863.a(mcp251863.cpp.o)
                0x10007a5c                MCP251863::readAddr(unsigned short, unsigned char*, unsigned int)
 .text._ZN9MCP2518635resetEv
                0x10007ad8       0x48 rp2040-mcp251863/librp2040_mcp251863.a(mcp251863.cpp.o)
                0x10007ad8                MCP251863::reset()
 .text._ZN9MCP25186310initGPFIFOEh21fifo_mode_MCP251863_t19pl_size_MCP251863_thh26tx_retran_mode_MCP251863_tP25fifo_int_mode_MCP251863_tj
                0x10007b20      0x16c rp2040-mcp251863/librp2040_mcp251863.a(mcp251863.cpp.o)
                0x10007b20                MCP251863::initGPFIFO(unsigned char, fifo_mode_MCP251863_t, pl_size_MCP251863_t, unsigned char, unsigned char, tx_retran_mode_MCP251863_t, fifo_int_mode_MCP251863_t*, unsigned int)
 .text._ZN9MCP25186310pushTXFIFOEhPhj
                0x10007c8c       0xf0 rp2040-mcp251863/librp2040_mcp251863.a(mcp251863.cpp.o)
                0x10007c8c                MCP251863::pushTXFIFO(unsigned char, unsigned char*, unsigned int)
 .text._ZN9MCP25186313reqSendTXFIFOEh
                0x10007d7c       0xa4 rp2040-mcp251863/librp2040_mcp251863.a(mcp251863.cpp.o)
                0x10007d7c                MCP251863::reqSendTXFIFO(unsigned char)
 .text._ZN9MCP25186311setContModeE17cmode_MCP251863_t
                0x10007e20      0x110 rp2040-mcp251863/librp2040_mcp251863.a(mcp251863.cpp.o)
                0x10007e20                MCP251863::setContMode(cmode_MCP251863_t)
 .text._ZN9MCP25186311setTranModeE17tmode_MCP251863_t
                0x10007f30       0x18 rp2040-mcp251863/librp2040_mcp251863.a(mcp251863.cpp.o)
                0x10007f30                MCP251863::setTranMode(tmode_MCP251863_t)
 .text._ZN9MCP25186313setInterruptsEP18int_en_MCP251863_tj
                0x10007f48      0x210 rp2040-mcp251863/librp2040_mcp251863.a(mcp251863.cpp.o)
                0x10007f48                MCP251863::setInterrupts(int_en_MCP251863_t*, unsigned int)
 .text._ZN9MCP25186310setPinModeE18io_num_MCP251863_t18iomode_MCP251863_t
                0x10008158      0x10c rp2040-mcp251863/librp2040_mcp251863.a(mcp251863.cpp.o)
                0x10008158                MCP251863::setPinMode(io_num_MCP251863_t, iomode_MCP251863_t)
 .text._ZN12pico_ssd13068drawTextEPNS_7SSD1306EPKhPKchhNS_9WriteModeENS_8RotationE
                0x10008264      0x1dc pico-ssd1306/textRenderer/libssd1306_textRenderer.a(TextRenderer.cpp.o)
                0x10008264                pico_ssd1306::drawText(pico_ssd1306::SSD1306*, unsigned char const*, char const*, unsigned char, unsigned char, pico_ssd1306::WriteMode, pico_ssd1306::Rotation)
 .text.malloc   0x10008440       0x14 /home/pilot/.pico-sdk/toolchain/14_2_Rel1/bin/../lib/gcc/arm-none-eabi/14.2.1/../../../../arm-none-eabi/lib/thumb/v6-m/nofp/libg.a(libc_a-malloc.o)
                0x10008440                malloc
 .text._malloc_r
                0x10008454      0x5cc /home/pilot/.pico-sdk/toolchain/14_2_Rel1/bin/../lib/gcc/arm-none-eabi/14.2.1/../../../../arm-none-eabi/lib/thumb/v6-m/nofp/libg.a(libc_a-mallocr.o)
                0x10008454                _malloc_r
 .text.__malloc_lock
                0x10008a20       0x10 /home/pilot/.pico-sdk/toolchain/14_2_Rel1/bin/../lib/gcc/arm-none-eabi/14.2.1/../../../../arm-none-eabi/lib/thumb/v6-m/nofp/libg.a(libc_a-mlock.o)
                0x10008a20                __malloc_lock
 .text.__malloc_unlock
                0x10008a30       0x10 /home/pilot/.pico-sdk/toolchain/14_2_Rel1/bin/../lib/gcc/arm-none-eabi/14.2.1/../../../../arm-none-eabi/lib/thumb/v6-m/nofp/libg.a(libc_a-mlock.o)
                0x10008a30                __malloc_unlock
 .text._sbrk_r  0x10008a40       0x24 /home/pilot/.pico-sdk/toolchain/14_2_Rel1/bin/../lib/gcc/arm-none-eabi/14.2.1/../../../../arm-none-eabi/lib/thumb/v6-m/nofp/libg.a(libc_a-sbrkr.o)
                0x10008a40                _sbrk_r
 .text.__errno  0x10008a64        0xc /home/pilot/.pico-sdk/toolchain/14_2_Rel1/bin/../lib/gcc/arm-none-eabi/14.2.1/../../../../arm-none-eabi/lib/thumb/v6-m/nofp/libg.a(libc_a-errno.o)
                0x10008a64                __errno
 .text.__retarget_lock_acquire_recursive
                0x10008a70        0x4 /home/pilot/.pico-sdk/toolchain/14_2_Rel1/bin/../lib/gcc/arm-none-eabi/14.2.1/../../../../arm-none-eabi/lib/thumb/v6-m/nofp/libg.a(libc_a-lock.o)
                0x10008a70                __retarget_lock_acquire_recursive
 .text.__retarget_lock_release_recursive
                0x10008a74        0x4 /home/pilot/.pico-sdk/toolchain/14_2_Rel1/bin/../lib/gcc/arm-none-eabi/14.2.1/../../../../arm-none-eabi/lib/thumb/v6-m/nofp/libg.a(libc_a-lock.o)
                0x10008a74                __retarget_lock_release_recursive
 .text.sysconf  0x10008a78       0x1c /home/pilot/.pico-sdk/toolchain/14_2_Rel1/bin/../lib/gcc/arm-none-eabi/14.2.1/../../../../arm-none-eabi/lib/thumb/v6-m/nofp/libg.a(libc_a-sysconf.o)
                0x10008a78                sysconf
 .text.strlen   0x10008a94       0x5c /home/pilot/.pico-sdk/toolchain/14_2_Rel1/bin/../lib/gcc/arm-none-eabi/14.2.1/../../../../arm-none-eabi/lib/thumb/v6-m/nofp/libg.a(libc_a-strlen-stub.o)
                0x10008a94                strlen
 .text._malloc_trim_r
                0x10008af0       0xb4 /home/pilot/.pico-sdk/toolchain/14_2_Rel1/bin/../lib/gcc/arm-none-eabi/14.2.1/../../../../arm-none-eabi/lib/thumb/v6-m/nofp/libg.a(libc_a-freer.o)
                0x10008af0                _malloc_trim_r
 .text._free_r  0x10008ba4      0x1f0 /home/pilot/.pico-sdk/toolchain/14_2_Rel1/bin/../lib/gcc/arm-none-eabi/14.2.1/../../../../arm-none-eabi/lib/thumb/v6-m/nofp/libg.a(libc_a-freer.o)
                0x10008ba4                _free_r
 *(.fini)
 .fini          0x10008d94        0x4 /home/pilot/.pico-sdk/toolchain/14_2_Rel1/bin/../lib/gcc/arm-none-eabi/14.2.1/thumb/v6-m/nofp/crti.o
                0x10008d94                _fini
 .fini.__stub   0x10008d98       0xe0 linker stubs
 *crtbegin.o(.ctors)
 *crtbegin?.o(.ctors)
 *(EXCLUDE_FILE(*crtend.o *crtend?.o) .ctors)
 *(SORT_BY_NAME(.ctors.*))
 *(.ctors)
 *crtbegin.o(.dtors)
 *crtbegin?.o(.dtors)
 *(EXCLUDE_FILE(*crtend.o *crtend?.o) .dtors)
 *(SORT_BY_NAME(.dtors.*))
 *(.dtors)
                0x10008e78                        . = ALIGN (0x4)
                0x10008e78                        PROVIDE (__preinit_array_start = .)
 *(SORT_BY_NAME(.preinit_array.*))
 .preinit_array.00100
                0x10008e78        0x4 CMakeFiles/SPI_2_CANFD.dir/home/pilot/.pico-sdk/sdk/2.2.0/src/rp2_common/pico_runtime_init/runtime_init.c.o
                0x10008e78                __pre_init_runtime_init_early_resets
 .preinit_array.00101
                0x10008e7c        0x4 CMakeFiles/SPI_2_CANFD.dir/home/pilot/.pico-sdk/sdk/2.2.0/src/rp2_common/pico_runtime_init/runtime_init.c.o
                0x10008e7c                __pre_init_runtime_init_usb_power_down
 .preinit_array.00275
                0x10008e80        0x4 CMakeFiles/SPI_2_CANFD.dir/home/pilot/.pico-sdk/sdk/2.2.0/src/rp2_common/pico_bit_ops/bit_ops_aeabi.S.o
 .preinit_array.00300
                0x10008e84        0x4 CMakeFiles/SPI_2_CANFD.dir/home/pilot/.pico-sdk/sdk/2.2.0/src/rp2_common/pico_mem_ops/mem_ops_aeabi.S.o
 .preinit_array.00350
                0x10008e88        0x4 CMakeFiles/SPI_2_CANFD.dir/home/pilot/.pico-sdk/sdk/2.2.0/src/rp2_common/pico_double/double_aeabi_rp2040.S.o
 .preinit_array.00350
                0x10008e8c        0x4 CMakeFiles/SPI_2_CANFD.dir/home/pilot/.pico-sdk/sdk/2.2.0/src/rp2_common/pico_float/float_aeabi_rp2040.S.o
 .preinit_array.00500
                0x10008e90        0x4 CMakeFiles/SPI_2_CANFD.dir/home/pilot/.pico-sdk/sdk/2.2.0/src/rp2_common/pico_runtime_init/runtime_init.c.o
                0x10008e90                __pre_init_runtime_init_clocks
 .preinit_array.00600
                0x10008e94        0x4 CMakeFiles/SPI_2_CANFD.dir/home/pilot/.pico-sdk/sdk/2.2.0/src/rp2_common/pico_runtime_init/runtime_init.c.o
                0x10008e94                __pre_init_runtime_init_post_clock_resets
 .preinit_array.00700
                0x10008e98        0x4 CMakeFiles/SPI_2_CANFD.dir/home/pilot/.pico-sdk/sdk/2.2.0/src/rp2_common/pico_runtime_init/runtime_init.c.o
                0x10008e98                __pre_init_runtime_init_rp2040_gpio_ie_disable
 .preinit_array.01000
                0x10008e9c        0x4 CMakeFiles/SPI_2_CANFD.dir/home/pilot/.pico-sdk/sdk/2.2.0/src/rp2_common/pico_runtime_init/runtime_init.c.o
                0x10008e9c                __pre_init_runtime_init_spin_locks_reset
 .preinit_array.01100
                0x10008ea0        0x4 CMakeFiles/SPI_2_CANFD.dir/home/pilot/.pico-sdk/sdk/2.2.0/src/common/pico_sync/mutex.c.o
                0x10008ea0                __pre_init_runtime_init_mutex
 .preinit_array.10080
                0x10008ea4        0x4 CMakeFiles/SPI_2_CANFD.dir/home/pilot/.pico-sdk/sdk/2.2.0/src/rp2_common/pico_runtime_init/runtime_init.c.o
                0x10008ea4                __pre_init_runtime_init_install_ram_vector_table
 .preinit_array.11000
                0x10008ea8        0x4 CMakeFiles/SPI_2_CANFD.dir/home/pilot/.pico-sdk/sdk/2.2.0/src/common/pico_time/time.c.o
                0x10008ea8                __pre_init_runtime_init_default_alarm_pool
 .preinit_array.YYYYY
                0x10008eac        0x4 CMakeFiles/SPI_2_CANFD.dir/home/pilot/.pico-sdk/sdk/2.2.0/src/rp2_common/pico_runtime/runtime.c.o
                0x10008eac                __pre_init_first_per_core_initializer
 .preinit_array.ZZZZZ.01200
                0x10008eb0        0x4 CMakeFiles/SPI_2_CANFD.dir/home/pilot/.pico-sdk/sdk/2.2.0/src/rp2_common/hardware_irq/irq.c.o
                0x10008eb0                __pre_init_runtime_init_per_core_irq_priorities
 *(.preinit_array)
                0x10008eb4                        PROVIDE (__preinit_array_end = .)
                0x10008eb4                        . = ALIGN (0x4)
                0x10008eb4                        PROVIDE (__init_array_start = .)
 *(SORT_BY_NAME(.init_array.*))
 .init_array.01000
                0x10008eb4        0x4 CMakeFiles/SPI_2_CANFD.dir/home/pilot/.pico-sdk/sdk/2.2.0/src/rp2_common/pico_unique_id/unique_id.c.o
 *(.init_array)
 .init_array    0x10008eb8        0x4 /home/pilot/.pico-sdk/toolchain/14_2_Rel1/bin/../lib/gcc/arm-none-eabi/14.2.1/thumb/v6-m/nofp/crtbegin.o
                0x10008ebc                        PROVIDE (__init_array_end = .)
                0x10008ebc                        . = ALIGN (0x4)
                [!provide]                        PROVIDE (__fini_array_start = .)
 *(SORT_BY_NAME(.fini_array.*))
 *(.fini_array)
                [!provide]                        PROVIDE (__fini_array_end = .)
 *(.eh_frame*)
 .eh_frame      0x10008ebc        0x0 /home/pilot/.pico-sdk/toolchain/14_2_Rel1/bin/../lib/gcc/arm-none-eabi/14.2.1/thumb/v6-m/nofp/crtbegin.o
                0x10008ebc                        . = ALIGN (0x4)

.glue_7         0x10008ebc        0x0
 .glue_7        0x10008ebc        0x0 linker stubs

.glue_7t        0x10008ebc        0x0
 .glue_7t       0x10008ebc        0x0 linker stubs

.vfp11_veneer   0x10008ebc        0x0
 .vfp11_veneer  0x10008ebc        0x0 linker stubs

.v4_bx          0x10008ebc        0x0
 .v4_bx         0x10008ebc        0x0 linker stubs

.iplt           0x10008ebc        0x0
 .iplt          0x10008ebc        0x0 /home/pilot/.pico-sdk/toolchain/14_2_Rel1/bin/../lib/gcc/arm-none-eabi/14.2.1/thumb/v6-m/nofp/crtbegin.o

.rodata         0x10008ec0      0x9c8
 *(EXCLUDE_FILE(*libm.a: *libc.a:*lib_a-mem*.o *libgcc.a:) .rodata*)
 .rodata.main.str1.4
                0x10008ec0      0x1b1 CMakeFiles/SPI_2_CANFD.dir/SPI_2_CANFD.cpp.o
                                 0x1d (size before relaxing)
 *fill*         0x10009071        0x3 
 .rodata._ZL8font_8x8
                0x10009074      0x2fa CMakeFiles/SPI_2_CANFD.dir/SPI_2_CANFD.cpp.o
 *fill*         0x1000936e        0x2 
 .rodata        0x10009370        0x8 CMakeFiles/SPI_2_CANFD.dir/SPI_2_CANFD.cpp.o
 .rodata.panic.str1.4
                0x10009378       0x12 CMakeFiles/SPI_2_CANFD.dir/home/pilot/.pico-sdk/sdk/2.2.0/src/rp2_common/pico_platform_panic/panic.c.o
 .rodata.spin_lock_claim_unused.str1.4
                0x10009378       0x1b CMakeFiles/SPI_2_CANFD.dir/home/pilot/.pico-sdk/sdk/2.2.0/src/rp2_common/hardware_sync/sync.c.o
 .rodata.timer_hardware_alarm_claim.str1.4
                0x10009378       0x22 CMakeFiles/SPI_2_CANFD.dir/home/pilot/.pico-sdk/sdk/2.2.0/src/rp2_common/hardware_timer/timer.c.o
 .rodata.user_irq_claim_unused.str1.4
                0x10009378       0x1b CMakeFiles/SPI_2_CANFD.dir/home/pilot/.pico-sdk/sdk/2.2.0/src/rp2_common/hardware_irq/irq.c.o
 .rodata.hard_assertion_failure.str1.4
                0x10009378        0xc CMakeFiles/SPI_2_CANFD.dir/home/pilot/.pico-sdk/sdk/2.2.0/src/rp2_common/pico_runtime/runtime.c.o
 .rodata.__wrap_malloc.str1.4
                0x10009378        0xe CMakeFiles/SPI_2_CANFD.dir/home/pilot/.pico-sdk/sdk/2.2.0/src/rp2_common/pico_malloc/malloc.c.o
 .rodata.str1.4
                0x10009378       0x44 CMakeFiles/SPI_2_CANFD.dir/home/pilot/.pico-sdk/sdk/2.2.0/src/rp2_common/pico_standard_binary_info/standard_binary_info.c.o
 .rodata.__bi_84
                0x10009378        0xc CMakeFiles/SPI_2_CANFD.dir/home/pilot/.pico-sdk/sdk/2.2.0/src/rp2_common/pico_standard_binary_info/standard_binary_info.c.o
 .rodata.__bi_78
                0x10009384        0xc CMakeFiles/SPI_2_CANFD.dir/home/pilot/.pico-sdk/sdk/2.2.0/src/rp2_common/pico_standard_binary_info/standard_binary_info.c.o
 .rodata.__bi_60
                0x10009390        0xc CMakeFiles/SPI_2_CANFD.dir/home/pilot/.pico-sdk/sdk/2.2.0/src/rp2_common/pico_standard_binary_info/standard_binary_info.c.o
 .rodata.__bi_54
                0x1000939c        0xc CMakeFiles/SPI_2_CANFD.dir/home/pilot/.pico-sdk/sdk/2.2.0/src/rp2_common/pico_standard_binary_info/standard_binary_info.c.o
 .rodata.__bi_48
                0x100093a8        0xc CMakeFiles/SPI_2_CANFD.dir/home/pilot/.pico-sdk/sdk/2.2.0/src/rp2_common/pico_standard_binary_info/standard_binary_info.c.o
 .rodata.__bi_42
                0x100093b4        0xc CMakeFiles/SPI_2_CANFD.dir/home/pilot/.pico-sdk/sdk/2.2.0/src/rp2_common/pico_standard_binary_info/standard_binary_info.c.o
 .rodata.__bi_34
                0x100093c0        0xc CMakeFiles/SPI_2_CANFD.dir/home/pilot/.pico-sdk/sdk/2.2.0/src/rp2_common/pico_standard_binary_info/standard_binary_info.c.o
 .rodata.__bi_26
                0x100093cc        0xc CMakeFiles/SPI_2_CANFD.dir/home/pilot/.pico-sdk/sdk/2.2.0/src/rp2_common/pico_standard_binary_info/standard_binary_info.c.o
 .rodata._ftoa.str1.4
                0x100093d8       0x15 CMakeFiles/SPI_2_CANFD.dir/home/pilot/.pico-sdk/sdk/2.2.0/src/rp2_common/pico_printf/printf.c.o
 .rodata._vsnprintf
                0x100093d8      0x19c CMakeFiles/SPI_2_CANFD.dir/home/pilot/.pico-sdk/sdk/2.2.0/src/rp2_common/pico_printf/printf.c.o
 *fill*         0x10009574        0x4 
 .rodata.pow10.0
                0x10009578       0x50 CMakeFiles/SPI_2_CANFD.dir/home/pilot/.pico-sdk/sdk/2.2.0/src/rp2_common/pico_printf/printf.c.o
 .rodata.crlf_str.0
                0x100095c8        0x2 CMakeFiles/SPI_2_CANFD.dir/home/pilot/.pico-sdk/sdk/2.2.0/src/rp2_common/pico_stdio/stdio.c.o
 *fill*         0x100095ca        0x2 
 .rodata._resetd_driver
                0x100095cc       0x20 CMakeFiles/SPI_2_CANFD.dir/home/pilot/.pico-sdk/sdk/2.2.0/src/rp2_common/pico_stdio_usb/reset_interface.c.o
 .rodata.desc_ms_os_20
                0x100095ec       0xa6 CMakeFiles/SPI_2_CANFD.dir/home/pilot/.pico-sdk/sdk/2.2.0/src/rp2_common/pico_stdio_usb/reset_interface.c.o
 *fill*         0x10009692        0x2 
 .rodata.desc_bos
                0x10009694       0x21 CMakeFiles/SPI_2_CANFD.dir/home/pilot/.pico-sdk/sdk/2.2.0/src/rp2_common/pico_stdio_usb/reset_interface.c.o
                0x10009694                desc_bos
 .rodata.str1.4
                0x100096b5       0x13 CMakeFiles/SPI_2_CANFD.dir/home/pilot/.pico-sdk/sdk/2.2.0/src/rp2_common/pico_stdio_usb/stdio_usb.c.o
 *fill*         0x100096b5        0x3 
 .rodata.__bi_202.0
                0x100096b8        0xc CMakeFiles/SPI_2_CANFD.dir/home/pilot/.pico-sdk/sdk/2.2.0/src/rp2_common/pico_stdio_usb/stdio_usb.c.o
 .rodata.str1.4
                0x100096c4       0x2a CMakeFiles/SPI_2_CANFD.dir/home/pilot/.pico-sdk/sdk/2.2.0/src/rp2_common/pico_stdio_usb/stdio_usb_descriptors.c.o
 .rodata.usbd_desc_str
                0x100096c4       0x18 CMakeFiles/SPI_2_CANFD.dir/home/pilot/.pico-sdk/sdk/2.2.0/src/rp2_common/pico_stdio_usb/stdio_usb_descriptors.c.o
 .rodata.usbd_desc_cfg
                0x100096dc       0x54 CMakeFiles/SPI_2_CANFD.dir/home/pilot/.pico-sdk/sdk/2.2.0/src/rp2_common/pico_stdio_usb/stdio_usb_descriptors.c.o
 .rodata.usbd_desc_device
                0x10009730       0x12 CMakeFiles/SPI_2_CANFD.dir/home/pilot/.pico-sdk/sdk/2.2.0/src/rp2_common/pico_stdio_usb/stdio_usb_descriptors.c.o
 .rodata.str1.4
                0x10009742       0x14 CMakeFiles/SPI_2_CANFD.dir/home/pilot/.pico-sdk/sdk/2.2.0/lib/tinyusb/src/portable/raspberrypi/rp2040/dcd_rp2040.c.o
 .rodata.str1.4
                0x10009742       0x48 CMakeFiles/SPI_2_CANFD.dir/home/pilot/.pico-sdk/sdk/2.2.0/lib/tinyusb/src/portable/raspberrypi/rp2040/rp2040_usb.c.o
 *fill*         0x10009742        0x2 
 .rodata.tud_task_ext
                0x10009744       0x8c CMakeFiles/SPI_2_CANFD.dir/home/pilot/.pico-sdk/sdk/2.2.0/lib/tinyusb/src/device/usbd.c.o
 .rodata        0x100097d0       0x1c CMakeFiles/SPI_2_CANFD.dir/home/pilot/.pico-sdk/sdk/2.2.0/lib/tinyusb/src/device/usbd.c.o
 .rodata._usbd_driver
                0x100097ec       0x40 CMakeFiles/SPI_2_CANFD.dir/home/pilot/.pico-sdk/sdk/2.2.0/lib/tinyusb/src/device/usbd.c.o
 .rodata        0x1000982c       0x19 pico-ssd1306/libpico_ssd1306.a(ssd1306.cpp.o)
 .rodata._ZN9MCP25186311setContModeE17cmode_MCP251863_t.str1.4
                0x10009845        0x9 rp2040-mcp251863/librp2040_mcp251863.a(mcp251863.cpp.o)
 *fill*         0x10009845        0x3 
 .rodata.CSWTCH.41
                0x10009848       0x40 rp2040-mcp251863/librp2040_mcp251863.a(mcp251863.cpp.o)
                0x10009888                        . = ALIGN (0x4)
 *(SORT_BY_ALIGNMENT(SORT_BY_NAME(.flashdata*)))
                0x10009888                        . = ALIGN (0x4)

.ARM.extab
 *(.ARM.extab* .gnu.linkonce.armextab.*)
                0x10009888                        __exidx_start = .

.ARM.exidx
 *(.ARM.exidx* .gnu.linkonce.armexidx.*)
                0x10009888                        __exidx_end = .
                0x10009888                        . = ALIGN (0x4)
                0x10009888                        __binary_info_start = .

.binary_info    0x10009888       0x24
 *(.binary_info.keep.*)
 .binary_info.keep.__bi_ptr84
                0x10009888        0x4 CMakeFiles/SPI_2_CANFD.dir/home/pilot/.pico-sdk/sdk/2.2.0/src/rp2_common/pico_standard_binary_info/standard_binary_info.c.o
 .binary_info.keep.__bi_ptr78
                0x1000988c        0x4 CMakeFiles/SPI_2_CANFD.dir/home/pilot/.pico-sdk/sdk/2.2.0/src/rp2_common/pico_standard_binary_info/standard_binary_info.c.o
 .binary_info.keep.__bi_ptr60
                0x10009890        0x4 CMakeFiles/SPI_2_CANFD.dir/home/pilot/.pico-sdk/sdk/2.2.0/src/rp2_common/pico_standard_binary_info/standard_binary_info.c.o
 .binary_info.keep.__bi_ptr54
                0x10009894        0x4 CMakeFiles/SPI_2_CANFD.dir/home/pilot/.pico-sdk/sdk/2.2.0/src/rp2_common/pico_standard_binary_info/standard_binary_info.c.o
 .binary_info.keep.__bi_ptr48
                0x10009898        0x4 CMakeFiles/SPI_2_CANFD.dir/home/pilot/.pico-sdk/sdk/2.2.0/src/rp2_common/pico_standard_binary_info/standard_binary_info.c.o
 .binary_info.keep.__bi_ptr42
                0x1000989c        0x4 CMakeFiles/SPI_2_CANFD.dir/home/pilot/.pico-sdk/sdk/2.2.0/src/rp2_common/pico_standard_binary_info/standard_binary_info.c.o
 .binary_info.keep.__bi_ptr34
                0x100098a0        0x4 CMakeFiles/SPI_2_CANFD.dir/home/pilot/.pico-sdk/sdk/2.2.0/src/rp2_common/pico_standard_binary_info/standard_binary_info.c.o
 .binary_info.keep.__bi_ptr26
                0x100098a4        0x4 CMakeFiles/SPI_2_CANFD.dir/home/pilot/.pico-sdk/sdk/2.2.0/src/rp2_common/pico_standard_binary_info/standard_binary_info.c.o
 *(.binary_info.*)
 .binary_info.__bi_ptr202
                0x100098a8        0x4 CMakeFiles/SPI_2_CANFD.dir/home/pilot/.pico-sdk/sdk/2.2.0/src/rp2_common/pico_stdio_usb/stdio_usb.c.o
                0x100098ac                        __binary_info_end = .
                0x100098ac                        . = ALIGN (0x4)

.ram_vector_table
                0x20000000       0xc0
 *(.ram_vector_table)
 .ram_vector_table
                0x20000000       0xc0 CMakeFiles/SPI_2_CANFD.dir/home/pilot/.pico-sdk/sdk/2.2.0/src/rp2_common/pico_runtime_init/runtime_init.c.o
                0x20000000                ram_vector_table

.uninitialized_data
                0x200000c0        0x0
                0x200000c0                        . = ALIGN (0x4)
 *(.uninitialized_data*)

.data           0x200000c0     0x1648 load address 0x100098ac
                0x200000c0                        __data_start__ = .
 *(vtable)
 *(.time_critical*)
 .time_critical.mutex_try_enter
                0x200000c0       0x40 CMakeFiles/SPI_2_CANFD.dir/home/pilot/.pico-sdk/sdk/2.2.0/src/common/pico_sync/mutex.c.o
                0x200000c0                mutex_try_enter
 .time_critical.mutex_try_enter_block_until
                0x20000100       0x98 CMakeFiles/SPI_2_CANFD.dir/home/pilot/.pico-sdk/sdk/2.2.0/src/common/pico_sync/mutex.c.o
                0x20000100                mutex_try_enter_block_until
 .time_critical.mutex_enter_timeout_ms
                0x20000198       0x8c CMakeFiles/SPI_2_CANFD.dir/home/pilot/.pico-sdk/sdk/2.2.0/src/common/pico_sync/mutex.c.o
                0x20000198                mutex_enter_timeout_ms
 .time_critical.mutex_exit
                0x20000224       0x28 CMakeFiles/SPI_2_CANFD.dir/home/pilot/.pico-sdk/sdk/2.2.0/src/common/pico_sync/mutex.c.o
                0x20000224                mutex_exit
 .time_critical.spi_write_blocking
                0x2000024c       0x4c CMakeFiles/SPI_2_CANFD.dir/home/pilot/.pico-sdk/sdk/2.2.0/src/rp2_common/hardware_spi/spi.c.o
                0x2000024c                spi_write_blocking
 .time_critical.spi_read_blocking
                0x20000298       0xa8 CMakeFiles/SPI_2_CANFD.dir/home/pilot/.pico-sdk/sdk/2.2.0/src/rp2_common/hardware_spi/spi.c.o
                0x20000298                spi_read_blocking
 .time_critical.flash_init_boot2_copyout
                0x20000340       0x30 CMakeFiles/SPI_2_CANFD.dir/home/pilot/.pico-sdk/sdk/2.2.0/src/rp2_common/hardware_flash/flash.c.o
 .time_critical.flash_enable_xip_via_boot2
                0x20000370        0xc CMakeFiles/SPI_2_CANFD.dir/home/pilot/.pico-sdk/sdk/2.2.0/src/rp2_common/hardware_flash/flash.c.o
 .time_critical.flash_save_hardware_state
                0x2000037c       0x20 CMakeFiles/SPI_2_CANFD.dir/home/pilot/.pico-sdk/sdk/2.2.0/src/rp2_common/hardware_flash/flash.c.o
 .time_critical.flash_restore_hardware_state
                0x2000039c       0x20 CMakeFiles/SPI_2_CANFD.dir/home/pilot/.pico-sdk/sdk/2.2.0/src/rp2_common/hardware_flash/flash.c.o
 .time_critical.flash_cs_force
                0x200003bc       0x38 CMakeFiles/SPI_2_CANFD.dir/home/pilot/.pico-sdk/sdk/2.2.0/src/rp2_common/hardware_flash/flash.c.o
 .time_critical.flash_do_cmd
                0x200003f4      0x13c CMakeFiles/SPI_2_CANFD.dir/home/pilot/.pico-sdk/sdk/2.2.0/src/rp2_common/hardware_flash/flash.c.o
                0x200003f4                flash_do_cmd
 .time_critical.reset_non_control_endpoints
                0x20000530       0x68 CMakeFiles/SPI_2_CANFD.dir/home/pilot/.pico-sdk/sdk/2.2.0/lib/tinyusb/src/portable/raspberrypi/rp2040/dcd_rp2040.c.o
 .time_critical.hw_handle_buff_status
                0x20000598       0xa0 CMakeFiles/SPI_2_CANFD.dir/home/pilot/.pico-sdk/sdk/2.2.0/lib/tinyusb/src/portable/raspberrypi/rp2040/dcd_rp2040.c.o
 .time_critical.dcd_rp2040_irq
                0x20000638      0x548 CMakeFiles/SPI_2_CANFD.dir/home/pilot/.pico-sdk/sdk/2.2.0/lib/tinyusb/src/portable/raspberrypi/rp2040/dcd_rp2040.c.o
 .time_critical.prepare_ep_buffer
                0x20000b80       0xc8 CMakeFiles/SPI_2_CANFD.dir/home/pilot/.pico-sdk/sdk/2.2.0/lib/tinyusb/src/portable/raspberrypi/rp2040/rp2040_usb.c.o
 .time_critical.sync_ep_buffer
                0x20000c48       0x9c CMakeFiles/SPI_2_CANFD.dir/home/pilot/.pico-sdk/sdk/2.2.0/lib/tinyusb/src/portable/raspberrypi/rp2040/rp2040_usb.c.o
 .time_critical._hw_endpoint_xfer_sync
                0x20000ce4       0x28 CMakeFiles/SPI_2_CANFD.dir/home/pilot/.pico-sdk/sdk/2.2.0/lib/tinyusb/src/portable/raspberrypi/rp2040/rp2040_usb.c.o
 .time_critical.e15_is_bulkin_ep
                0x20000d0c       0x28 CMakeFiles/SPI_2_CANFD.dir/home/pilot/.pico-sdk/sdk/2.2.0/lib/tinyusb/src/portable/raspberrypi/rp2040/rp2040_usb.c.o
 .time_critical.e15_is_critical_frame_period
                0x20000d34       0x34 CMakeFiles/SPI_2_CANFD.dir/home/pilot/.pico-sdk/sdk/2.2.0/lib/tinyusb/src/portable/raspberrypi/rp2040/rp2040_usb.c.o
 .time_critical.hw_endpoint_reset_transfer
                0x20000d68        0xc CMakeFiles/SPI_2_CANFD.dir/home/pilot/.pico-sdk/sdk/2.2.0/lib/tinyusb/src/portable/raspberrypi/rp2040/rp2040_usb.c.o
                0x20000d68                hw_endpoint_reset_transfer
 .time_critical._hw_endpoint_buffer_control_update32
                0x20000d74       0x50 CMakeFiles/SPI_2_CANFD.dir/home/pilot/.pico-sdk/sdk/2.2.0/lib/tinyusb/src/portable/raspberrypi/rp2040/rp2040_usb.c.o
                0x20000d74                _hw_endpoint_buffer_control_update32
 .time_critical.hw_endpoint_start_next_buffer
                0x20000dc4       0x68 CMakeFiles/SPI_2_CANFD.dir/home/pilot/.pico-sdk/sdk/2.2.0/lib/tinyusb/src/portable/raspberrypi/rp2040/rp2040_usb.c.o
                0x20000dc4                hw_endpoint_start_next_buffer
 .time_critical.hw_endpoint_xfer_continue
                0x20000e2c       0x40 CMakeFiles/SPI_2_CANFD.dir/home/pilot/.pico-sdk/sdk/2.2.0/lib/tinyusb/src/portable/raspberrypi/rp2040/rp2040_usb.c.o
                0x20000e2c                hw_endpoint_xfer_continue
 .time_critical.tinyusb
                0x20000e6c      0x1e4 CMakeFiles/SPI_2_CANFD.dir/home/pilot/.pico-sdk/sdk/2.2.0/lib/tinyusb/src/device/usbd.c.o
                0x20000e6c                dcd_event_handler
 *(.text*)
 .text          0x20001050        0x4 /home/pilot/.pico-sdk/toolchain/14_2_Rel1/bin/../lib/gcc/arm-none-eabi/14.2.1/thumb/v6-m/nofp/libgcc.a(_dvmd_tls.o)
                0x20001050                __aeabi_ldiv0
                0x20001050                __aeabi_idiv0
 *fill*         0x20001054        0x4 
 .text.__stub   0x20001058       0x80 linker stubs
                0x200010d8                        . = ALIGN (0x4)
 *(.rodata*)
                0x200010d8                        . = ALIGN (0x4)
 *(.data*)
 .data.i2c1_inst
                0x200010d8        0x8 CMakeFiles/SPI_2_CANFD.dir/home/pilot/.pico-sdk/sdk/2.2.0/src/rp2_common/hardware_i2c/i2c.c.o
                0x200010d8                i2c1_inst
 .data.i2c0_inst
                0x200010e0        0x8 CMakeFiles/SPI_2_CANFD.dir/home/pilot/.pico-sdk/sdk/2.2.0/src/rp2_common/hardware_i2c/i2c.c.o
                0x200010e0                i2c0_inst
 .data.striped_spin_lock_num
                0x200010e8        0x1 CMakeFiles/SPI_2_CANFD.dir/home/pilot/.pico-sdk/sdk/2.2.0/src/rp2_common/hardware_sync/sync.c.o
 *fill*         0x200010e9        0x3 
 .data.default_alarm_pool
                0x200010ec       0x18 CMakeFiles/SPI_2_CANFD.dir/home/pilot/.pico-sdk/sdk/2.2.0/src/common/pico_time/time.c.o
 .data          0x20001104       0x48 CMakeFiles/SPI_2_CANFD.dir/home/pilot/.pico-sdk/sdk/2.2.0/src/rp2_common/hardware_irq/irq_handler_chain.S.o
                0x20001104                irq_handler_chain_slots
                0x20001134                irq_handler_chain_first_slot
                0x2000113e                irq_handler_chain_remove_tail
 *fill*         0x2000114c        0x4 
 .data.aeabi_bits_funcs
                0x20001150       0x10 CMakeFiles/SPI_2_CANFD.dir/home/pilot/.pico-sdk/sdk/2.2.0/src/rp2_common/pico_bit_ops/bit_ops_aeabi.S.o
                0x20001150                aeabi_bits_funcs
                0x20001160                aeabi_bits_funcs_end
 .data.aeabi_mem_funcs
                0x20001160       0x10 CMakeFiles/SPI_2_CANFD.dir/home/pilot/.pico-sdk/sdk/2.2.0/src/rp2_common/pico_mem_ops/mem_ops_aeabi.S.o
                0x20001160                aeabi_mem_funcs
                0x20001170                aeabi_mem_funcs_end
 .data.stdio_usb
                0x20001170       0x18 CMakeFiles/SPI_2_CANFD.dir/home/pilot/.pico-sdk/sdk/2.2.0/src/rp2_common/pico_stdio_usb/stdio_usb.c.o
                0x20001170                stdio_usb
 .data._usbd_qdef
                0x20001188       0x1c CMakeFiles/SPI_2_CANFD.dir/home/pilot/.pico-sdk/sdk/2.2.0/lib/tinyusb/src/device/usbd.c.o
                0x20001188                _usbd_qdef
 .data._usbd_rhport
                0x200011a4        0x1 CMakeFiles/SPI_2_CANFD.dir/home/pilot/.pico-sdk/sdk/2.2.0/lib/tinyusb/src/device/usbd.c.o
 *fill*         0x200011a5        0x3 
 .data.__malloc_sbrk_base
                0x200011a8        0x4 /home/pilot/.pico-sdk/toolchain/14_2_Rel1/bin/../lib/gcc/arm-none-eabi/14.2.1/../../../../arm-none-eabi/lib/thumb/v6-m/nofp/libg.a(libc_a-mallocr.o)
                0x200011a8                __malloc_sbrk_base
 .data.__malloc_trim_threshold
                0x200011ac        0x4 /home/pilot/.pico-sdk/toolchain/14_2_Rel1/bin/../lib/gcc/arm-none-eabi/14.2.1/../../../../arm-none-eabi/lib/thumb/v6-m/nofp/libg.a(libc_a-mallocr.o)
                0x200011ac                __malloc_trim_threshold
 .data.__malloc_av_
                0x200011b0      0x408 /home/pilot/.pico-sdk/toolchain/14_2_Rel1/bin/../lib/gcc/arm-none-eabi/14.2.1/../../../../arm-none-eabi/lib/thumb/v6-m/nofp/libg.a(libc_a-mallocr.o)
                0x200011b0                __malloc_av_
 .data._impure_ptr
                0x200015b8        0x4 /home/pilot/.pico-sdk/toolchain/14_2_Rel1/bin/../lib/gcc/arm-none-eabi/14.2.1/../../../../arm-none-eabi/lib/thumb/v6-m/nofp/libg.a(libc_a-impure.o)
                0x200015b8                _impure_ptr
 *fill*         0x200015bc        0x4 
 .data._impure_data
                0x200015c0      0x140 /home/pilot/.pico-sdk/toolchain/14_2_Rel1/bin/../lib/gcc/arm-none-eabi/14.2.1/../../../../arm-none-eabi/lib/thumb/v6-m/nofp/libg.a(libc_a-impure.o)
                0x200015c0                _impure_data
                0x20001700                        . = ALIGN (0x4)
 *(.after_data.*)
                0x20001700                        . = ALIGN (0x4)
                0x20001700                        PROVIDE (__mutex_array_start = .)
 *(SORT_BY_NAME(.mutex_array.*))
 *(.mutex_array)
 .mutex_array   0x20001700        0x8 CMakeFiles/SPI_2_CANFD.dir/home/pilot/.pico-sdk/sdk/2.2.0/src/rp2_common/pico_stdio/stdio.c.o
                0x20001708                        PROVIDE (__mutex_array_end = .)
                0x20001708                        . = ALIGN (0x4)
 *(.jcr)
                0x20001708                        . = ALIGN (0x4)

.tm_clone_table
                0x20001708        0x0 load address 0x1000aef4
 .tm_clone_table
                0x20001708        0x0 /home/pilot/.pico-sdk/toolchain/14_2_Rel1/bin/../lib/gcc/arm-none-eabi/14.2.1/thumb/v6-m/nofp/crtbegin.o
 .tm_clone_table
                0x20001708        0x0 /home/pilot/.pico-sdk/toolchain/14_2_Rel1/bin/../lib/gcc/arm-none-eabi/14.2.1/thumb/v6-m/nofp/crtend.o

.igot.plt       0x20001708        0x0 load address 0x1000aef4
 .igot.plt      0x20001708        0x0 /home/pilot/.pico-sdk/toolchain/14_2_Rel1/bin/../lib/gcc/arm-none-eabi/14.2.1/thumb/v6-m/nofp/crtbegin.o

.tdata          0x20001708        0x0 load address 0x1000aef4
                0x20001708                        . = ALIGN (0x4)
 *(.tdata .tdata.* .gnu.linkonce.td.*)
                0x20001708                        __tdata_end = .
                0x20001708                        PROVIDE (__data_end__ = .)
                0x100098ac                        __etext = LOADADDR (.data)

.tbss           0x20001708        0x0 load address 0x1000aef4
                0x20001708                        . = ALIGN (0x4)
                0x20001708                        __bss_start__ = .
                0x20001708                        __tls_base = .
 *(.tbss .tbss.* .gnu.linkonce.tb.*)
 *(.tcommon)
                0x20001708                        __tls_end = .

.bss            0x20001708     0x1088 load address 0x1000aef4
                0x20001708                        . = ALIGN (0x4)
                0x20001708                        __tbss_end = .
 *(SORT_BY_ALIGNMENT(SORT_BY_NAME(.bss*)))
 .bss.default_alarm_pool_entries
                0x20001708      0x180 CMakeFiles/SPI_2_CANFD.dir/home/pilot/.pico-sdk/sdk/2.2.0/src/common/pico_time/time.c.o
 .bss.last_avail_time.1
                0x20001888        0x8 CMakeFiles/SPI_2_CANFD.dir/home/pilot/.pico-sdk/sdk/2.2.0/src/rp2_common/pico_stdio_usb/stdio_usb.c.o
 .bss.sd_table  0x20001890      0x100 CMakeFiles/SPI_2_CANFD.dir/home/pilot/.pico-sdk/sdk/2.2.0/src/rp2_common/pico_double/double_init_rom_rp2040.c.o
                0x20001890                sd_table
 .bss.sf_table  0x20001990      0x100 CMakeFiles/SPI_2_CANFD.dir/home/pilot/.pico-sdk/sdk/2.2.0/src/rp2_common/pico_float/float_init_rom_rp2040.c.o
                0x20001990                sf_table
 .bss.__lock___malloc_recursive_mutex
                0x20001a90        0x1 /home/pilot/.pico-sdk/toolchain/14_2_Rel1/bin/../lib/gcc/arm-none-eabi/14.2.1/../../../../arm-none-eabi/lib/thumb/v6-m/nofp/libg.a(libc_a-lock.o)
                0x20001a90                __lock___malloc_recursive_mutex
 *fill*         0x20001a91        0x3 
 .bss.__malloc_current_mallinfo
                0x20001a94       0x28 /home/pilot/.pico-sdk/toolchain/14_2_Rel1/bin/../lib/gcc/arm-none-eabi/14.2.1/../../../../arm-none-eabi/lib/thumb/v6-m/nofp/libg.a(libc_a-mallocr.o)
                0x20001a94                __malloc_current_mallinfo
 .bss.__malloc_max_sbrked_mem
                0x20001abc        0x4 /home/pilot/.pico-sdk/toolchain/14_2_Rel1/bin/../lib/gcc/arm-none-eabi/14.2.1/../../../../arm-none-eabi/lib/thumb/v6-m/nofp/libg.a(libc_a-mallocr.o)
                0x20001abc                __malloc_max_sbrked_mem
 .bss.__malloc_max_total_mem
                0x20001ac0        0x4 /home/pilot/.pico-sdk/toolchain/14_2_Rel1/bin/../lib/gcc/arm-none-eabi/14.2.1/../../../../arm-none-eabi/lib/thumb/v6-m/nofp/libg.a(libc_a-mallocr.o)
                0x20001ac0                __malloc_max_total_mem
 .bss.__malloc_top_pad
                0x20001ac4        0x4 /home/pilot/.pico-sdk/toolchain/14_2_Rel1/bin/../lib/gcc/arm-none-eabi/14.2.1/../../../../arm-none-eabi/lib/thumb/v6-m/nofp/libg.a(libc_a-mallocr.o)
                0x20001ac4                __malloc_top_pad
 .bss.__sf      0x20001ac8      0x138 /home/pilot/.pico-sdk/toolchain/14_2_Rel1/bin/../lib/gcc/arm-none-eabi/14.2.1/../../../../arm-none-eabi/lib/thumb/v6-m/nofp/libg.a(libc_a-findfp.o)
                0x20001ac8                __sf
 .bss._app_driver
                0x20001c00        0x4 CMakeFiles/SPI_2_CANFD.dir/home/pilot/.pico-sdk/sdk/2.2.0/lib/tinyusb/src/device/usbd.c.o
 .bss._cdcd_epbuf
                0x20001c04       0x80 CMakeFiles/SPI_2_CANFD.dir/home/pilot/.pico-sdk/sdk/2.2.0/lib/tinyusb/src/class/cdc/cdc_device.c.o
 .bss._cdcd_fifo_cfg
                0x20001c84        0x1 CMakeFiles/SPI_2_CANFD.dir/home/pilot/.pico-sdk/sdk/2.2.0/lib/tinyusb/src/class/cdc/cdc_device.c.o
 *fill*         0x20001c85        0x3 
 .bss._cdcd_itf
                0x20001c88       0xc8 CMakeFiles/SPI_2_CANFD.dir/home/pilot/.pico-sdk/sdk/2.2.0/lib/tinyusb/src/class/cdc/cdc_device.c.o
 .bss._ctrl_epbuf